
> app@0.1.0 tauri
> tauri build --bundles nsis

        Info Looking up installed tauri packages to check mismatched versions...
        Warn The bundle identifier "com.gongbi.app" set in `"tauri.conf.json" identifier` ends with `.app`. This is not recommended because it conflicts with the application bundle extension on macOS.
     Running beforeBuildCommand `npm run build`

> app@0.1.0 build
> tsc && vite build

vite v8.2.2 building client environment for production...
transforming...
✓ 1998 modules transformed.
rendering chunks...
computing gzip size...
dist/index.html                     0.40 kB │ gzip:   0.28 kB
dist/assets/index-CmDcHaRS.css     77.41 kB │ gzip:  14.26 kB
dist/assets/index-BvHustgo.js   1,217.43 kB │ gzip: 390.62 kB

✓ built in 804ms
[plugin builtin:vite-reporter] 
(!) Some chunks are larger than 500 kB after minification. Consider:
- Using dynamic import() to code-split the application
- Use build.rolldownOptions.output.codeSplitting to improve chunking: https://rolldown.rs/reference/OutputOptions.codeSplitting
- Adjust chunk size limit for this warning via build.chunkSizeWarningLimit.
   Compiling app v0.1.0 (C:\Users\q9560\Documents\GitHub\MyAINovel\app\src-tauri)
warning: constant `FALLBACK_COLOR` is never used
  --> src\relationship.rs:42:11
   |
42 | pub const FALLBACK_COLOR: &str = "#7f8c8d";
   |           ^^^^^^^^^^^^^^
   |
   = note: `#[warn(dead_code)]` (part of `#[warn(unused)]`) on by default

warning: linker stdout: 正在创建库 C:\Users\q9560\Documents\GitHub\MyAINovel\app\src-tauri\target\release\deps\app_lib.dll.lib 和对象 C:\Users\q9560\Documents\GitHub\MyAINovel\app\src-tauri\target\release\deps\app_lib.dll.exp
  |
  = note: `#[warn(linker_messages)]` on by default

warning: `app` (lib) generated 2 warnings
    Finished `release` profile [optimized] target(s) in 4m 52s
       Built application at: C:\Users\q9560\Documents\GitHub\MyAINovel\app\src-tauri\target\release\工笔.exe
        Info Patching C:\Users\q9560\Documents\GitHub\MyAINovel\app\src-tauri\target\release\工笔.exe with bundle type information: nsis
        Info Target: x64
     Running makensis to produce C:\Users\q9560\Documents\GitHub\MyAINovel\app\src-tauri\target\release\bundle\nsis\工笔_0.1.0_x64-setup.exe
    Finished 1 bundle at:
        C:\Users\q9560\Documents\GitHub\MyAINovel\app\src-tauri\target\release\bundle\nsis\工笔_0.1.0_x64-setup.exe

