2026-09-27T10:27:37.109Z
Window: "工笔", App: 工笔.exe.
0 窗口 工笔 Secondary Actions: Raise
28 文本 工
30 按钮 拆书 Description: 拆书
31 按钮 灵感库 Description: 灵感库
32 按钮 构思 Description: 构思
33 按钮 书写 Description: 书写
34 按钮 当前项目 Description: 当前项目
35 切换按钮 AI 助手 Description: AI 助手
36 按钮 设置 Description: 设置
308 标题 拆书书库
309 文本 C:\Users\q9560\Documents\GitHub\MyAINovel\.scratch\native-83\旧库副本\项目
310 按钮 刷新
311 按钮 拆书模板
312 按钮 新建书
313 按钮 打开库文件夹
314 编辑 (settable, string) 全文搜索拆书稿与标注：点评、金手指、桥段、解法…… Description: 全文搜索拆书稿与标注：点评、金手指、桥段、解法……
315 按钮 (disabled) 搜索
316 文本 共
317 文本 1
318 文本 本 · 散文件
319 文本 0
320 文本 · 一书一文件夹
321 文本 1
322 文本 · 桥段
323 文本 0
325 按钮 封面网格
326 按钮 书名列表
328 图形 艾尔登法环 封面
329 按钮 设封面 Description: 选一张图设为封面（拷进附件/，替换旧封面）
330 文本 艾尔登法环
331 文本 章
332 文本 1
333 文本 · 字
334 文本 49
335 文本 · 桥段
336 文本
337 文本 0
2 标题栏 (settable, string) Value: 工笔
3 菜单栏 系统 ID: MenuBar
4 菜单项 系统
5 按钮 最小化
6 按钮 最大化
7 按钮 关闭


2026-09-27T10:27:42.170Z
Window: "工笔", App: 工笔.exe.
0 窗口 工笔 Secondary Actions: Raise
28 文本 工
30 按钮 拆书 Description: 拆书
31 按钮 灵感库 Description: 灵感库
32 按钮 构思 Description: 构思
33 按钮 书写 Description: 书写
34 按钮 当前项目 Description: 当前项目
35 切换按钮 AI 助手 Description: AI 助手
36 按钮 设置 Description: 设置
308 标题 拆书书库
309 文本 C:\Users\q9560\Documents\GitHub\MyAINovel\.scratch\native-83\旧库副本\项目
310 按钮 刷新
311 按钮 拆书模板
312 按钮 新建书
313 按钮 打开库文件夹
314 编辑 (settable, string) 全文搜索拆书稿与标注：点评、金手指、桥段、解法…… Description: 全文搜索拆书稿与标注：点评、金手指、桥段、解法……
315 按钮 (disabled) 搜索
316 文本 共
317 文本 1
318 文本 本 · 散文件
319 文本 0
320 文本 · 一书一文件夹
321 文本 1
322 文本 · 桥段
323 文本 0
325 按钮 封面网格
326 按钮 书名列表
328 图形 艾尔登法环 封面
329 按钮 设封面 Description: 选一张图设为封面（拷进附件/，替换旧封面）
330 文本 艾尔登法环
331 文本 章
332 文本 1
333 文本 · 字
334 文本 49
335 文本 · 桥段
336 文本
337 文本 0
2 标题栏 (settable, string) Value: 工笔
3 菜单栏 系统 ID: MenuBar
4 菜单项 系统
5 按钮 最小化
6 按钮 最大化
7 按钮 关闭


2026-09-27T10:27:46.628Z
Window: "工笔", App: 工笔.exe.
0 窗口 工笔 Secondary Actions: Raise
28 文本 工
30 按钮 拆书 Description: 拆书
31 按钮 灵感库 Description: 灵感库
32 按钮 构思 Description: 构思
33 按钮 书写 Description: 书写
34 按钮 当前项目 Description: 当前项目
35 切换按钮 AI 助手 Description: AI 助手
36 按钮 设置 Description: 设置
339 按钮 返回
340 标题 艾尔登法环
342 文本 已保存
343 按钮 插入 Description: 在光标行尾插入 callout 块
344 按钮 AI Description: 发给 AI 侧边栏出初稿，确认后才落盘
345 按钮 排版 Description: 排版（字体/字号/行距/对齐/缩进，与设置同源）
346 按钮 开下一章 Description: Ctrl+Enter 开下一章
349 编辑 (settable, string) Value: > [!书档] > 书名：艾尔登法环 > 成绩：1000+ > 简介：啊是大飒飒大苏打 > 金手指：啊实打实的 第1章
350 文本 >
351 文本
352 文本 [
353 文本 !书档
354 文本 ]
355 文本 >
356 文本 书名：艾尔登法环
357 文本 >
358 文本 成绩：1000+
359 文本 >
360 文本 简介：啊是大飒飒大苏打
361 文本 >
362 文本 金手指：啊实打实的
363 文本
364 文本
365 文本
366 文本
367 文本
368 文本
369 文本 第1章
370 文本
2 标题栏 (settable, string) Value: 工笔
3 菜单栏 系统 ID: MenuBar
4 菜单项 系统
5 按钮 最小化
6 按钮 最大化
7 按钮 关闭


2026-09-27T10:27:53.567Z
Window: "工笔", App: 工笔.exe.
0 窗口 工笔 Secondary Actions: Raise
28 文本 工
30 按钮 拆书 Description: 拆书
31 按钮 灵感库 Description: 灵感库
32 按钮 构思 Description: 构思
33 按钮 书写 Description: 书写
34 按钮 当前项目 Description: 当前项目
35 切换按钮 AI 助手 Description: AI 助手
36 按钮 设置 Description: 设置
339 按钮 返回
340 标题 艾尔登法环
342 文本 已保存
343 按钮 插入 Description: 在光标行尾插入 callout 块
344 按钮 AI Description: 发给 AI 侧边栏出初稿，确认后才落盘
345 按钮 排版 Description: 排版（字体/字号/行距/对齐/缩进，与设置同源）
346 按钮 开下一章 Description: Ctrl+Enter 开下一章
349 编辑 (settable, string) Value: 📖 书档 ▾ 书名：艾尔登法环 成绩：1000+ 简介：啊是大飒飒大苏打 金手指：啊实打实的 第1章
372 文本 📖
373 文本 书档
375 文本 ▾
356 文本 书名：艾尔登法环
358 文本 成绩：1000+
360 文本 简介：啊是大飒飒大苏打
362 文本 金手指：啊实打实的
363 文本
364 文本
365 文本
366 文本
367 文本
368 文本
369 文本 第1章
370 文本
2 标题栏 (settable, string) Value: 工笔
3 菜单栏 系统 ID: MenuBar
4 菜单项 系统
5 按钮 最小化
6 按钮 最大化
7 按钮 关闭


2026-09-27T10:27:59.472Z
Window: "工笔", App: 工笔.exe.
0 窗口 工笔 Secondary Actions: Raise
28 文本 工
30 按钮 拆书 Description: 拆书
31 按钮 灵感库 Description: 灵感库
32 按钮 构思 Description: 构思
33 按钮 书写 Description: 书写
34 按钮 当前项目 Description: 当前项目
35 切换按钮 AI 助手 Description: AI 助手
36 按钮 设置 Description: 设置
339 按钮 返回
340 标题 艾尔登法环
342 文本 已保存
343 按钮 插入 Description: 在光标行尾插入 callout 块
344 按钮 AI Description: 发给 AI 侧边栏出初稿，确认后才落盘
345 按钮 排版 Description: 排版（字体/字号/行距/对齐/缩进，与设置同源）
346 按钮 开下一章 Description: Ctrl+Enter 开下一章
349 编辑 (settable, string) Value: 📖 书档 ▾ 书名：艾尔登法环 成绩：1000+ 简介：啊是大飒飒大苏打 金手指：啊实打实的 第1章
372 文本 📖
373 文本 书档
375 文本 ▾
356 文本 书名：艾尔登法环
358 文本 成绩：1000+
360 文本 简介：啊是大飒飒大苏打
362 文本 金手指：啊实打实的
363 文本
364 文本
365 文本
366 文本
367 文本
368 文本
369 文本 第1章
370 文本
2 标题栏 (settable, string) Value: 工笔
3 菜单栏 系统 ID: MenuBar
4 菜单项 系统
5 按钮 最小化
6 按钮 最大化
7 按钮 关闭


2026-09-27T10:28:04.487Z
Window: "工笔", App: 工笔.exe.
0 窗口 工笔 Secondary Actions: Raise
28 文本 工
30 按钮 拆书 Description: 拆书
31 按钮 灵感库 Description: 灵感库
32 按钮 构思 Description: 构思
33 按钮 书写 Description: 书写
34 按钮 当前项目 Description: 当前项目
35 切换按钮 AI 助手 Description: AI 助手
36 按钮 设置 Description: 设置
339 按钮 返回
340 标题 艾尔登法环
376 按钮 未保存 Description: 停笔自动保存；Ctrl+S 立即保存。冲突时点击重新裁决。
343 按钮 插入 Description: 在光标行尾插入 callout 块
344 按钮 AI Description: 发给 AI 侧边栏出初稿，确认后才落盘
345 按钮 排版 Description: 排版（字体/字号/行距/对齐/缩进，与设置同源）
346 按钮 开下一章 Description: Ctrl+Enter 开下一章
349 编辑 (settable, string) Value: 📖 书档 ▾ 书名：艾尔登法环 成绩：1000+ 简介：啊是大飒飒大苏打 金手指：啊实打实的 第1章 原生终验83拆书保存标记
372 文本 📖
373 文本 书档
375 文本 ▾
356 文本 书名：艾尔登法环
358 文本 成绩：1000+
360 文本 简介：啊是大飒飒大苏打
362 文本 金手指：啊实打实的
363 文本
364 文本
365 文本
366 文本
367 文本
368 文本
369 文本 第1章
377 文本 原生终验83拆书保存标记
2 标题栏 (settable, string) Value: 工笔
3 菜单栏 系统 ID: MenuBar
4 菜单项 系统
5 按钮 最小化
6 按钮 最大化
7 按钮 关闭


2026-09-27T10:28:12.422Z
Window: "工笔", App: 工笔.exe.
0 窗口 工笔 Secondary Actions: Raise
28 文本 工
30 按钮 拆书 Description: 拆书
31 按钮 灵感库 Description: 灵感库
32 按钮 构思 Description: 构思
33 按钮 书写 Description: 书写
34 按钮 当前项目 Description: 当前项目
35 切换按钮 AI 助手 Description: AI 助手
36 按钮 设置 Description: 设置
339 按钮 返回
340 标题 艾尔登法环
379 文本 已保存
343 按钮 插入 Description: 在光标行尾插入 callout 块
344 按钮 AI Description: 发给 AI 侧边栏出初稿，确认后才落盘
345 按钮 排版 Description: 排版（字体/字号/行距/对齐/缩进，与设置同源）
346 按钮 开下一章 Description: Ctrl+Enter 开下一章
349 编辑 (settable, string) Value: 📖 书档 ▾ 书名：艾尔登法环 成绩：1000+ 简介：啊是大飒飒大苏打 金手指：啊实打实的 第1章 原生终验83拆书保存标记
372 文本 📖
373 文本 书档
375 文本 ▾
356 文本 书名：艾尔登法环
358 文本 成绩：1000+
360 文本 简介：啊是大飒飒大苏打
362 文本 金手指：啊实打实的
363 文本
364 文本
365 文本
366 文本
367 文本
368 文本
369 文本 第1章
377 文本 原生终验83拆书保存标记
2 标题栏 (settable, string) Value: 工笔
3 菜单栏 系统 ID: MenuBar
4 菜单项 系统
5 按钮 最小化
6 按钮 最大化
7 按钮 关闭


2026-09-27T10:28:21.278Z
Window: "工笔", App: 工笔.exe.
0 窗口 工笔 Secondary Actions: Raise
28 文本 工
30 按钮 拆书 Description: 拆书
31 按钮 灵感库 Description: 灵感库
32 按钮 构思 Description: 构思
33 按钮 书写 Description: 书写
34 按钮 当前项目 Description: 当前项目
35 切换按钮 AI 助手 Description: AI 助手
36 按钮 设置 Description: 设置
381 标题 拆书书库
382 文本 C:\Users\q9560\Documents\GitHub\MyAINovel\.scratch\native-83\旧库副本\项目
383 按钮 刷新
384 按钮 拆书模板
385 按钮 新建书
386 按钮 打开库文件夹
387 编辑 (settable, string) 全文搜索拆书稿与标注：点评、金手指、桥段、解法…… Description: 全文搜索拆书稿与标注：点评、金手指、桥段、解法……
388 按钮 (disabled) 搜索
389 文本 共
390 文本 1
391 文本 本 · 散文件
392 文本 0
393 文本 · 一书一文件夹
394 文本 1
395 文本 · 桥段
396 文本 0
398 按钮 封面网格
399 按钮 书名列表
401 图形 艾尔登法环 封面
402 按钮 设封面 Description: 选一张图设为封面（拷进附件/，替换旧封面）
403 文本 艾尔登法环
404 文本 章
405 文本 1
406 文本 · 字
407 文本 61
408 文本 · 桥段
409 文本
410 文本 0
2 标题栏 (settable, string) Value: 工笔
3 菜单栏 系统 ID: MenuBar
4 菜单项 系统
5 按钮 最小化
6 按钮 最大化
7 按钮 关闭


2026-09-27T10:28:26.930Z
Window: "工笔", App: 工笔.exe.
0 窗口 工笔 Secondary Actions: Raise
28 文本 工
30 按钮 拆书 Description: 拆书
31 按钮 灵感库 Description: 灵感库
32 按钮 构思 Description: 构思
33 按钮 书写 Description: 书写
34 按钮 当前项目 Description: 当前项目
35 切换按钮 AI 助手 Description: AI 助手
36 按钮 设置 Description: 设置
412 标题 构思
413 文本 C:\Users\q9560\Documents\GitHub\MyAINovel\.scratch\native-83\旧库副本\项目
414 按钮 刷新
415 按钮 新建项目
416 文本 共
417 文本 1
418 文本 个项目
420 按钮 封面网格
421 按钮 书名列表
423 文本 冒
424 按钮 设封面 Description: 选一张图设为封面（拷进附件/，替换旧封面）
425 文本 冒险指南
426 文本 单元
427 文本 0
428 文本 · 矛盾
429 文本 0
430 文本 ·
431 文本
432 文本 15
433 文本 字
2 标题栏 (settable, string) Value: 工笔
3 菜单栏 系统 ID: MenuBar
4 菜单项 系统
5 按钮 最小化
6 按钮 最大化
7 按钮 关闭


2026-09-27T10:28:31.487Z
Window: "工笔", App: 工笔.exe.
0 窗口 工笔 Secondary Actions: Raise
28 文本 工
30 按钮 拆书 Description: 拆书
31 按钮 灵感库 Description: 灵感库
32 按钮 构思 Description: 构思
33 按钮 书写 Description: 书写
34 按钮 当前项目 Description: 当前项目
35 切换按钮 AI 助手 Description: AI 助手
36 按钮 设置 Description: 设置
412 标题 构思
413 文本 C:\Users\q9560\Documents\GitHub\MyAINovel\.scratch\native-83\旧库副本\项目
414 按钮 刷新
415 按钮 新建项目
416 文本 共
417 文本 1
418 文本 个项目
420 按钮 封面网格
421 按钮 书名列表
423 文本 冒
424 按钮 设封面 Description: 选一张图设为封面（拷进附件/，替换旧封面）
425 文本 冒险指南
426 文本 单元
427 文本 0
428 文本 · 矛盾
429 文本 0
430 文本 ·
431 文本
432 文本 15
433 文本 字
2 标题栏 (settable, string) Value: 工笔
3 菜单栏 系统 ID: MenuBar
4 菜单项 系统
5 按钮 最小化
6 按钮 最大化
7 按钮 关闭


2026-09-27T10:28:35.299Z
Window: "工笔", App: 工笔.exe.
0 窗口 工笔 Secondary Actions: Raise
28 文本 工
30 按钮 拆书 Description: 拆书
31 按钮 灵感库 Description: 灵感库
32 按钮 构思 Description: 构思
33 按钮 书写 Description: 书写
34 按钮 当前项目 Description: 当前项目
35 切换按钮 AI 助手 Description: AI 助手
36 按钮 设置 Description: 设置
435 标题 冒险指南
436 文本 C:\Users\q9560\Documents\GitHub\MyAINovel\.scratch\native-83\旧库副本\项目\项目\《冒险指南》
437 按钮 项目列表
438 按钮 刷新
439 按钮 项目资料
441 按钮 首页
442 文本 第一步
443 文本 定书
444 按钮 大纲
445 按钮 读者遐想（类型圈）
446 按钮 人物与组织 3
447 按钮 世界观
448 按钮 地图
449 按钮 开头
450 文本 第二步
451 文本 生情节
452 按钮 矛盾
453 按钮 桥段库
454 按钮 单元
455 按钮 排布
456 文本 第三步
457 文本 织张力
458 按钮 伏笔
459 按钮 期待感
460 按钮 目标
461 文本 正文
462 文本 1
463 文本 章 ·
464 文本 15
465 文本 字
466 文本
467 文本 正文在「书写」板块编辑（一章一文件）
468 详细信息
469 开合三角标记 首页可选入口
470 文本 首页可选入口
471 标题 力量体系／修炼体系
472 文本 这套力量靠什么让读者期待下一阶段？可用自由正文，也可从可删的思考提示开始。
473 按钮 查看力量体系
474 按钮 关闭入口
475 标题 构思首页
476 文本 从现有项目文件即时整理，不复制内容，也不计算完成度。
477 文本 想一想
478 编辑 (settable, string) 改写构思首页引导问题 Value: 如果只用一句话介绍这本书，最想让读者记住什么？
479 按钮 去看看
480 按钮 关闭
481 按钮 作品骨架
482 文本 还没有写下作品一句话。
483 文本 主线还在生长。
484 按钮 读者遐想（类型圈）
485 文本 还没有写下读者期待。
486 按钮 人物
487 按钮 啊实打实 阿三大苏打实打实d
488 按钮 大师傅士大夫 的风格何日物体3
489 按钮 而我认为 统一为人一样回馈i67各家各户结过婚脚后跟经过和
490 按钮 地图
491 文本 故事空间还未展开。
492 标题 待处理内容
493 文本 眼下没有待打磨内容。
494 按钮 尚未解决
495 文本 大纲里还没有记下未解问题。
2 标题栏 (settable, string) Value: 工笔
3 菜单栏 系统 ID: MenuBar
4 菜单项 系统
5 按钮 最小化
6 按钮 最大化
7 按钮 关闭


2026-09-27T10:28:43.485Z
Window: "工笔", App: 工笔.exe.
0 窗口 工笔 Secondary Actions: Raise
28 文本 工
30 按钮 拆书 Description: 拆书
31 按钮 灵感库 Description: 灵感库
32 按钮 构思 Description: 构思
33 按钮 书写 Description: 书写
34 按钮 当前项目 Description: 当前项目
35 切换按钮 AI 助手 Description: AI 助手
36 按钮 设置 Description: 设置
435 标题 冒险指南
436 文本 C:\Users\q9560\Documents\GitHub\MyAINovel\.scratch\native-83\旧库副本\项目\项目\《冒险指南》
437 按钮 项目列表
438 按钮 刷新
439 按钮 项目资料
441 按钮 首页
442 文本 第一步
443 文本 定书
444 按钮 大纲
445 按钮 读者遐想（类型圈）
446 按钮 人物与组织 3
447 按钮 世界观
448 按钮 地图
449 按钮 开头
450 文本 第二步
451 文本 生情节
452 按钮 矛盾
453 按钮 桥段库
454 按钮 单元
455 按钮 排布
456 文本 第三步
457 文本 织张力
458 按钮 伏笔
459 按钮 期待感
460 按钮 目标
461 文本 正文
462 文本 1
463 文本 章 ·
464 文本 15
465 文本 字
466 文本
467 文本 正文在「书写」板块编辑（一章一文件）
496 按钮 名单
497 按钮 组织与归属
498 按钮 画布
499 标题 人物档案
500 文本 结构摘要可留空，小传、外貌、说话方式与人物弧自由写在正文。
501 按钮 新建人物
502 文本 还没有人物，从一个名字或一段小传开始。
2 标题栏 (settable, string) Value: 工笔
3 菜单栏 系统 ID: MenuBar
4 菜单项 系统
5 按钮 最小化
6 按钮 最大化
7 按钮 关闭


2026-09-27T10:28:48.486Z
Window: "工笔", App: 工笔.exe.
0 窗口 工笔 Secondary Actions: Raise
28 文本 工
30 按钮 拆书 Description: 拆书
31 按钮 灵感库 Description: 灵感库
32 按钮 构思 Description: 构思
33 按钮 书写 Description: 书写
34 按钮 当前项目 Description: 当前项目
35 切换按钮 AI 助手 Description: AI 助手
36 按钮 设置 Description: 设置
435 标题 冒险指南
436 文本 C:\Users\q9560\Documents\GitHub\MyAINovel\.scratch\native-83\旧库副本\项目\项目\《冒险指南》
437 按钮 项目列表
438 按钮 刷新
439 按钮 项目资料
441 按钮 首页
442 文本 第一步
443 文本 定书
444 按钮 大纲
445 按钮 读者遐想（类型圈）
446 按钮 人物与组织 3
447 按钮 世界观
448 按钮 地图
449 按钮 开头
450 文本 第二步
451 文本 生情节
452 按钮 矛盾
453 按钮 桥段库
454 按钮 单元
455 按钮 排布
456 文本 第三步
457 文本 织张力
458 按钮 伏笔
459 按钮 期待感
460 按钮 目标
461 文本 正文
462 文本 1
463 文本 章 ·
464 文本 15
465 文本 字
466 文本
467 文本 正文在「书写」板块编辑（一章一文件）
496 按钮 名单
497 按钮 组织与归属
498 按钮 画布
499 标题 人物档案
500 文本 结构摘要可留空，小传、外貌、说话方式与人物弧自由写在正文。
501 按钮 新建人物
503 文章 ID: content-card-C%3A%5CUsers%5Cq9560%5CDocuments%5CGitHub%5CMyAINovel%5C.scratch%5Cnative-83%5C%E6%97%A7%E5%BA%93%E5%89%AF%E6%9C%AC%5C%E9%A1%B9%E7%9B%AE%5C%E9%A1%B9%E7%9B%AE%5C%E3%80%8A%E5%86%92%E9%99%A9%E6%8C%87%E5%8D%97%E3%80%8B%5C%E6%9E%84%E6%80%9D%5C%E4%BA%BA%E7%89%A9%5C%E5%95%8A%E5%AE%9E%E6%89%93%E5%AE%9E.md
504 按钮 啊实打实 Description: 编辑这张卡片
505 文本 别名：
506 文本 啊实打实大苏打
507 按钮 收起 Description: 收起卡片内容
508 文本 旧分组：
509 文本 阿三大苏打
510 文本 （未升级记录，组织关系以上述社会网为准）
511 文本 阿三大苏打实打实d
512 按钮 编辑
513 按钮 待打磨
514 按钮 人物关系
515 按钮 组织归属
516 按钮 跟 TA 聊
517 文章 ID: content-card-C%3A%5CUsers%5Cq9560%5CDocuments%5CGitHub%5CMyAINovel%5C.scratch%5Cnative-83%5C%E6%97%A7%E5%BA%93%E5%89%AF%E6%9C%AC%5C%E9%A1%B9%E7%9B%AE%5C%E9%A1%B9%E7%9B%AE%5C%E3%80%8A%E5%86%92%E9%99%A9%E6%8C%87%E5%8D%97%E3%80%8B%5C%E6%9E%84%E6%80%9D%5C%E4%BA%BA%E7%89%A9%5C%E5%A4%A7%E5%B8%88%E5%82%85%E5%A3%AB%E5%A4%A7%E5%A4%AB.md
518 按钮 大师傅士大夫 Description: 编辑这张卡片
519 文本 别名：
520 文本 v婢女并根据法国
521 按钮 收起 Description: 收起卡片内容
522 文本 旧分组：
523 文本 从v不错v吧
524 文本 （未升级记录，组织关系以上述社会网为准）
525 文本 的风格何日物体3
526 按钮 编辑
527 按钮 待打磨
528 按钮 人物关系
529 按钮 组织归属
530 按钮 跟 TA 聊
531 文章 ID: content-card-C%3A%5CUsers%5Cq9560%5CDocuments%5CGitHub%5CMyAINovel%5C.scratch%5Cnative-83%5C%E6%97%A7%E5%BA%93%E5%89%AF%E6%9C%AC%5C%E9%A1%B9%E7%9B%AE%5C%E9%A1%B9%E7%9B%AE%5C%E3%80%8A%E5%86%92%E9%99%A9%E6%8C%87%E5%8D%97%E3%80%8B%5C%E6%9E%84%E6%80%9D%5C%E4%BA%BA%E7%89%A9%5C%E8%80%8C%E6%88%91%E8%AE%A4%E4%B8%BA.md
532 按钮 而我认为 Description: 编辑这张卡片
533 文本 别名：
534 文本 公会教堂于
535 按钮 收起 Description: 收起卡片内容
536 文本 旧分组：
537 文本 法国韩国和
538 文本 （未升级记录，组织关系以上述社会网为准）
539 文本 统一为人一样回馈i67各家各户结过婚脚后跟经过和
540 按钮 编辑
541 按钮 待打磨
542 按钮 人物关系
543 按钮 组织归属
544 按钮 跟 TA 聊
2 标题栏 (settable, string) Value: 工笔
3 菜单栏 系统 ID: MenuBar
4 菜单项 系统
5 按钮 最小化
6 按钮 最大化
7 按钮 关闭


2026-09-27T10:28:53.823Z
Window: "工笔", App: 工笔.exe.
0 窗口 工笔 Secondary Actions: Raise
28 文本 工
30 按钮 拆书 Description: 拆书
31 按钮 灵感库 Description: 灵感库
32 按钮 构思 Description: 构思
33 按钮 书写 Description: 书写
34 按钮 当前项目 Description: 当前项目
35 切换按钮 AI 助手 Description: AI 助手
36 按钮 设置 Description: 设置
435 标题 冒险指南
436 文本 C:\Users\q9560\Documents\GitHub\MyAINovel\.scratch\native-83\旧库副本\项目\项目\《冒险指南》
437 按钮 项目列表
438 按钮 刷新
439 按钮 项目资料
441 按钮 首页
442 文本 第一步
443 文本 定书
444 按钮 大纲
445 按钮 读者遐想（类型圈）
446 按钮 人物与组织 3
447 按钮 世界观
448 按钮 地图
449 按钮 开头
450 文本 第二步
451 文本 生情节
452 按钮 矛盾
453 按钮 桥段库
454 按钮 单元
455 按钮 排布
456 文本 第三步
457 文本 织张力
458 按钮 伏笔
459 按钮 期待感
460 按钮 目标
461 文本 正文
462 文本 1
463 文本 章 ·
464 文本 15
465 文本 字
466 文本
467 文本 正文在「书写」板块编辑（一章一文件）
496 按钮 名单
497 按钮 组织与归属
498 按钮 画布
499 标题 人物档案
500 文本 结构摘要可留空，小传、外貌、说话方式与人物弧自由写在正文。
501 按钮 新建人物
546 标题 待打磨的人物（1）
547 文本 整理完成后回到原位置。
548 文章 ID: content-card-C%3A%5CUsers%5Cq9560%5CDocuments%5CGitHub%5CMyAINovel%5C.scratch%5Cnative-83%5C%E6%97%A7%E5%BA%93%E5%89%AF%E6%9C%AC%5C%E9%A1%B9%E7%9B%AE%5C%E9%A1%B9%E7%9B%AE%5C%E3%80%8A%E5%86%92%E9%99%A9%E6%8C%87%E5%8D%97%E3%80%8B%5C%E6%9E%84%E6%80%9D%5C%E4%BA%BA%E7%89%A9%5C%E5%95%8A%E5%AE%9E%E6%89%93%E5%AE%9E.md
549 按钮 啊实打实 Description: 编辑这张卡片
550 文本 别名：
551 文本 啊实打实大苏打
552 按钮 收起 Description: 收起卡片内容
553 文本 旧分组：
554 文本 阿三大苏打
555 文本 （未升级记录，组织关系以上述社会网为准）
556 文本 阿三大苏打实打实d
557 按钮 编辑
558 按钮 整理完成
559 按钮 人物关系
560 按钮 组织归属
561 按钮 跟 TA 聊
517 文章 ID: content-card-C%3A%5CUsers%5Cq9560%5CDocuments%5CGitHub%5CMyAINovel%5C.scratch%5Cnative-83%5C%E6%97%A7%E5%BA%93%E5%89%AF%E6%9C%AC%5C%E9%A1%B9%E7%9B%AE%5C%E9%A1%B9%E7%9B%AE%5C%E3%80%8A%E5%86%92%E9%99%A9%E6%8C%87%E5%8D%97%E3%80%8B%5C%E6%9E%84%E6%80%9D%5C%E4%BA%BA%E7%89%A9%5C%E5%A4%A7%E5%B8%88%E5%82%85%E5%A3%AB%E5%A4%A7%E5%A4%AB.md
518 按钮 大师傅士大夫 Description: 编辑这张卡片
519 文本 别名：
520 文本 v婢女并根据法国
521 按钮 收起 Description: 收起卡片内容
522 文本 旧分组：
523 文本 从v不错v吧
524 文本 （未升级记录，组织关系以上述社会网为准）
525 文本 的风格何日物体3
526 按钮 编辑
527 按钮 待打磨
528 按钮 人物关系
529 按钮 组织归属
530 按钮 跟 TA 聊
531 文章 ID: content-card-C%3A%5CUsers%5Cq9560%5CDocuments%5CGitHub%5CMyAINovel%5C.scratch%5Cnative-83%5C%E6%97%A7%E5%BA%93%E5%89%AF%E6%9C%AC%5C%E9%A1%B9%E7%9B%AE%5C%E9%A1%B9%E7%9B%AE%5C%E3%80%8A%E5%86%92%E9%99%A9%E6%8C%87%E5%8D%97%E3%80%8B%5C%E6%9E%84%E6%80%9D%5C%E4%BA%BA%E7%89%A9%5C%E8%80%8C%E6%88%91%E8%AE%A4%E4%B8%BA.md
532 按钮 而我认为 Description: 编辑这张卡片
533 文本 别名：
534 文本 公会教堂于
535 按钮 收起 Description: 收起卡片内容
536 文本 旧分组：
537 文本 法国韩国和
538 文本 （未升级记录，组织关系以上述社会网为准）
539 文本 统一为人一样回馈i67各家各户结过婚脚后跟经过和
540 按钮 编辑
541 按钮 待打磨
542 按钮 人物关系
543 按钮 组织归属
544 按钮 跟 TA 聊
2 标题栏 (settable, string) Value: 工笔
3 菜单栏 系统 ID: MenuBar
4 菜单项 系统
5 按钮 最小化
6 按钮 最大化
7 按钮 关闭


2026-09-27T10:28:58.650Z
Window: "工笔", App: 工笔.exe.
0 窗口 工笔 Secondary Actions: Raise
28 文本 工
30 按钮 拆书 Description: 拆书
31 按钮 灵感库 Description: 灵感库
32 按钮 构思 Description: 构思
33 按钮 书写 Description: 书写
34 按钮 当前项目 Description: 当前项目
35 切换按钮 AI 助手 Description: AI 助手
36 按钮 设置 Description: 设置
435 标题 冒险指南
436 文本 C:\Users\q9560\Documents\GitHub\MyAINovel\.scratch\native-83\旧库副本\项目\项目\《冒险指南》
437 按钮 项目列表
438 按钮 刷新
439 按钮 项目资料
441 按钮 首页
442 文本 第一步
443 文本 定书
444 按钮 大纲
445 按钮 读者遐想（类型圈）
446 按钮 人物与组织 3
447 按钮 世界观
448 按钮 地图
449 按钮 开头
450 文本 第二步
451 文本 生情节
452 按钮 矛盾
453 按钮 桥段库
454 按钮 单元
455 按钮 排布
456 文本 第三步
457 文本 织张力
458 按钮 伏笔
459 按钮 期待感
460 按钮 目标
461 文本 正文
462 文本 1
463 文本 章 ·
464 文本 15
465 文本 字
466 文本
467 文本 正文在「书写」板块编辑（一章一文件）
496 按钮 名单
497 按钮 组织与归属
498 按钮 画布
562 标题 社会关系画布
563 文本 圆形是人物，方形是组织。拖动摆放，点击可多选，双击或 F2 编辑档案；固定后「整理画布」保留其位置。
564 按钮 (disabled) 刷新
565 按钮 (disabled) 图例
566 按钮 (disabled) 连一条关系
567 状态
568 文本 正在读取或保存…
569 按钮 (disabled) 取消固定
570 按钮 (disabled) 整理画布
571 按钮 (disabled) 全部重排
572 按钮 (disabled) 撤销重排
2 标题栏 (settable, string) Value: 工笔
3 菜单栏 系统 ID: MenuBar
4 菜单项 系统
5 按钮 最小化
6 按钮 最大化
7 按钮 关闭


2026-09-27T10:29:06.229Z
Window: "工笔", App: 工笔.exe.
0 窗口 工笔 Secondary Actions: Raise
28 文本 工
30 按钮 拆书 Description: 拆书
31 按钮 灵感库 Description: 灵感库
32 按钮 构思 Description: 构思
33 按钮 书写 Description: 书写
34 按钮 当前项目 Description: 当前项目
35 切换按钮 AI 助手 Description: AI 助手
36 按钮 设置 Description: 设置
435 标题 冒险指南
436 文本 C:\Users\q9560\Documents\GitHub\MyAINovel\.scratch\native-83\旧库副本\项目\项目\《冒险指南》
437 按钮 项目列表
438 按钮 刷新
439 按钮 项目资料
441 按钮 首页
442 文本 第一步
443 文本 定书
444 按钮 大纲
445 按钮 读者遐想（类型圈）
446 按钮 人物与组织 3
447 按钮 世界观
448 按钮 地图
449 按钮 开头
450 文本 第二步
451 文本 生情节
452 按钮 矛盾
453 按钮 桥段库
454 按钮 单元
455 按钮 排布
456 文本 第三步
457 文本 织张力
458 按钮 伏笔
459 按钮 期待感
460 按钮 目标
461 文本 正文
462 文本 1
463 文本 章 ·
464 文本 15
465 文本 字
466 文本
467 文本 正文在「书写」板块编辑（一章一文件）
496 按钮 名单
497 按钮 组织与归属
498 按钮 画布
599 标题 组织与归属
600 文本 一位人物可以同时属于多个组织；每段关系单独记录身份与秘密。
601 按钮 刷新
602 按钮 预览兼容升级
603 按钮 新建组织
2 标题栏 (settable, string) Value: 工笔
3 菜单栏 系统 ID: MenuBar
4 菜单项 系统
5 按钮 最小化
6 按钮 最大化
7 按钮 关闭


2026-09-27T10:29:17.598Z
Window: "工笔", App: 工笔.exe.
0 窗口 工笔 Secondary Actions: Raise
28 文本 工
30 按钮 拆书 Description: 拆书
31 按钮 灵感库 Description: 灵感库
32 按钮 构思 Description: 构思
33 按钮 书写 Description: 书写
34 按钮 当前项目 Description: 当前项目
35 切换按钮 AI 助手 Description: AI 助手
36 按钮 设置 Description: 设置
435 标题 冒险指南
436 文本 C:\Users\q9560\Documents\GitHub\MyAINovel\.scratch\native-83\旧库副本\项目\项目\《冒险指南》
437 按钮 项目列表
438 按钮 刷新
439 按钮 项目资料
441 按钮 首页
442 文本 第一步
443 文本 定书
444 按钮 大纲
445 按钮 读者遐想（类型圈）
446 按钮 人物与组织 3
447 按钮 世界观
448 按钮 地图
449 按钮 开头
450 文本 第二步
451 文本 生情节
452 按钮 矛盾
453 按钮 桥段库
454 按钮 单元
455 按钮 排布
456 文本 第三步
457 文本 织张力
458 按钮 伏笔
459 按钮 期待感
460 按钮 目标
461 文本 正文
462 文本 1
463 文本 章 ·
464 文本 15
465 文本 字
466 文本
467 文本 正文在「书写」板块编辑（一章一文件）
496 按钮 名单
497 按钮 组织与归属
498 按钮 画布
599 标题 组织与归属
600 文本 一位人物可以同时属于多个组织；每段关系单独记录身份与秘密。
601 按钮 刷新
602 按钮 预览兼容升级
603 按钮 新建组织
604 文本 旧人物分组继续兼容读取。预览并确认升级后，分组会变为组织归属；旧人物关系文件原样保留，新「关系.yaml」成为唯一来源。
605 文本 还没有组织，可先新建，也可由旧人物分组升级。
606 标题 人物的组织关系
607 按钮 (disabled) 添加组织关系
608 对话框 预览社会关系升级 Secondary Actions: Raise
609 标题 预览社会关系升级 ID: social-upgrade-title
610 文本 旧分组转为组织与成员关系；人物正文与未知字段保留。旧人物关系文件原样留存，确认后改读新社会网。
611 列表
612 列表项目 创建：C:\Users\q9560\Documents\GitHub\MyAINovel\.scratch\native-83\旧库副本\项目\项目\《冒险指南》\构思/组织\阿三大苏打.md
613 列表项目 更改：C:\Users\q9560\Documents\GitHub\MyAINovel\.scratch\native-83\旧库副本\项目\项目\《冒险指南》\构思\人物\啊实打实.md
614 列表项目 创建：C:\Users\q9560\Documents\GitHub\MyAINovel\.scratch\native-83\旧库副本\项目\项目\《冒险指南》\构思/组织\从v不错v吧.md
615 列表项目 更改：C:\Users\q9560\Documents\GitHub\MyAINovel\.scratch\native-83\旧库副本\项目\项目\《冒险指南》\构思\人物\大师傅士大夫.md
616 列表项目 创建：C:\Users\q9560\Documents\GitHub\MyAINovel\.scratch\native-83\旧库副本\项目\项目\《冒险指南》\构思/组织\法国韩国和.md
617 列表项目 更改：C:\Users\q9560\Documents\GitHub\MyAINovel\.scratch\native-83\旧库副本\项目\项目\《冒险指南》\构思\人物\而我认为.md
618 列表项目 创建：C:\Users\q9560\Documents\GitHub\MyAINovel\.scratch\native-83\旧库副本\项目\项目\《冒险指南》\构思/关系.yaml
619 文本 涉及组织：
620 文本 阿三大苏打、从v不错v吧、法国韩国和
621 文本 取消不会修改任何文件。确认前会重新核对预览，文件已改变时拒绝升级。
622 按钮 取消
623 按钮 确认升级
2 标题栏 (settable, string) Value: 工笔
3 菜单栏 系统 ID: MenuBar
4 菜单项 系统
5 按钮 最小化
6 按钮 最大化
7 按钮 关闭


2026-09-27T10:29:29.655Z
Window: "工笔", App: 工笔.exe.
0 窗口 工笔 Secondary Actions: Raise
28 文本 工
30 按钮 拆书 Description: 拆书
31 按钮 灵感库 Description: 灵感库
32 按钮 构思 Description: 构思
33 按钮 书写 Description: 书写
34 按钮 当前项目 Description: 当前项目
35 切换按钮 AI 助手 Description: AI 助手
36 按钮 设置 Description: 设置
435 标题 冒险指南
436 文本 C:\Users\q9560\Documents\GitHub\MyAINovel\.scratch\native-83\旧库副本\项目\项目\《冒险指南》
437 按钮 项目列表
438 按钮 刷新
439 按钮 项目资料
441 按钮 首页
442 文本 第一步
443 文本 定书
444 按钮 大纲
445 按钮 读者遐想（类型圈）
446 按钮 人物与组织 3
447 按钮 世界观
448 按钮 地图
449 按钮 开头
450 文本 第二步
451 文本 生情节
452 按钮 矛盾
453 按钮 桥段库
454 按钮 单元
455 按钮 排布
456 文本 第三步
457 文本 织张力
458 按钮 伏笔
459 按钮 期待感
460 按钮 目标
461 文本 正文
462 文本 1
463 文本 章 ·
464 文本 15
465 文本 字
466 文本
467 文本 正文在「书写」板块编辑（一章一文件）
496 按钮 名单
497 按钮 组织与归属
498 按钮 画布
599 标题 组织与归属
600 文本 一位人物可以同时属于多个组织；每段关系单独记录身份与秘密。
601 按钮 刷新
602 按钮 预览兼容升级
603 按钮 新建组织
604 文本 旧人物分组继续兼容读取。预览并确认升级后，分组会变为组织归属；旧人物关系文件原样保留，新「关系.yaml」成为唯一来源。
605 文本 还没有组织，可先新建，也可由旧人物分组升级。
606 标题 人物的组织关系
607 按钮 (disabled) 添加组织关系
2 标题栏 (settable, string) Value: 工笔
3 菜单栏 系统 ID: MenuBar
4 菜单项 系统
5 按钮 最小化
6 按钮 最大化
7 按钮 关闭


2026-09-27T10:29:38.047Z
Window: "工笔", App: 工笔.exe.
0 窗口 工笔 Secondary Actions: Raise
28 文本 工
30 按钮 拆书 Description: 拆书
31 按钮 灵感库 Description: 灵感库
32 按钮 构思 Description: 构思
33 按钮 书写 Description: 书写
34 按钮 当前项目 Description: 当前项目
35 切换按钮 AI 助手 Description: AI 助手
36 按钮 设置 Description: 设置
435 标题 冒险指南
436 文本 C:\Users\q9560\Documents\GitHub\MyAINovel\.scratch\native-83\旧库副本\项目\项目\《冒险指南》
437 按钮 项目列表
438 按钮 刷新
439 按钮 项目资料
441 按钮 首页
442 文本 第一步
443 文本 定书
444 按钮 大纲
445 按钮 读者遐想（类型圈）
446 按钮 人物与组织 3
447 按钮 世界观
448 按钮 地图
449 按钮 开头
450 文本 第二步
451 文本 生情节
452 按钮 矛盾
453 按钮 桥段库
454 按钮 单元
455 按钮 排布
456 文本 第三步
457 文本 织张力
458 按钮 伏笔
459 按钮 期待感
460 按钮 目标
461 文本 正文
462 文本 1
463 文本 章 ·
464 文本 15
465 文本 字
466 文本
467 文本 正文在「书写」板块编辑（一章一文件）
496 按钮 名单
497 按钮 组织与归属
498 按钮 画布
599 标题 组织与归属
600 文本 一位人物可以同时属于多个组织；每段关系单独记录身份与秘密。
601 按钮 刷新
602 按钮 预览兼容升级
603 按钮 新建组织
604 文本 旧人物分组继续兼容读取。预览并确认升级后，分组会变为组织归属；旧人物关系文件原样保留，新「关系.yaml」成为唯一来源。
605 文本 还没有组织，可先新建，也可由旧人物分组升级。
606 标题 人物的组织关系
607 按钮 (disabled) 添加组织关系
624 对话框 预览社会关系升级 Secondary Actions: Raise
625 标题 预览社会关系升级 ID: social-upgrade-title
626 文本 旧分组转为组织与成员关系；人物正文与未知字段保留。旧人物关系文件原样留存，确认后改读新社会网。
627 列表
628 列表项目 创建：C:\Users\q9560\Documents\GitHub\MyAINovel\.scratch\native-83\旧库副本\项目\项目\《冒险指南》\构思/组织\阿三大苏打.md
629 列表项目 更改：C:\Users\q9560\Documents\GitHub\MyAINovel\.scratch\native-83\旧库副本\项目\项目\《冒险指南》\构思\人物\啊实打实.md
630 列表项目 创建：C:\Users\q9560\Documents\GitHub\MyAINovel\.scratch\native-83\旧库副本\项目\项目\《冒险指南》\构思/组织\从v不错v吧.md
631 列表项目 更改：C:\Users\q9560\Documents\GitHub\MyAINovel\.scratch\native-83\旧库副本\项目\项目\《冒险指南》\构思\人物\大师傅士大夫.md
632 列表项目 创建：C:\Users\q9560\Documents\GitHub\MyAINovel\.scratch\native-83\旧库副本\项目\项目\《冒险指南》\构思/组织\法国韩国和.md
633 列表项目 更改：C:\Users\q9560\Documents\GitHub\MyAINovel\.scratch\native-83\旧库副本\项目\项目\《冒险指南》\构思\人物\而我认为.md
634 列表项目 创建：C:\Users\q9560\Documents\GitHub\MyAINovel\.scratch\native-83\旧库副本\项目\项目\《冒险指南》\构思/关系.yaml
635 文本 涉及组织：
636 文本 阿三大苏打、从v不错v吧、法国韩国和
637 文本 取消不会修改任何文件。确认前会重新核对预览，文件已改变时拒绝升级。
638 按钮 取消
639 按钮 确认升级
2 标题栏 (settable, string) Value: 工笔
3 菜单栏 系统 ID: MenuBar
4 菜单项 系统
5 按钮 最小化
6 按钮 最大化
7 按钮 关闭


2026-09-27T10:29:43.054Z
Window: "工笔", App: 工笔.exe.
0 窗口 工笔 Secondary Actions: Raise
28 文本 工
30 按钮 拆书 Description: 拆书
31 按钮 灵感库 Description: 灵感库
32 按钮 构思 Description: 构思
33 按钮 书写 Description: 书写
34 按钮 当前项目 Description: 当前项目
35 切换按钮 AI 助手 Description: AI 助手
36 按钮 设置 Description: 设置
435 标题 冒险指南
436 文本 C:\Users\q9560\Documents\GitHub\MyAINovel\.scratch\native-83\旧库副本\项目\项目\《冒险指南》
437 按钮 项目列表
438 按钮 刷新
439 按钮 项目资料
441 按钮 首页
442 文本 第一步
443 文本 定书
444 按钮 大纲
445 按钮 读者遐想（类型圈）
446 按钮 人物与组织 3
447 按钮 世界观
448 按钮 地图
449 按钮 开头
450 文本 第二步
451 文本 生情节
452 按钮 矛盾
453 按钮 桥段库
454 按钮 单元
455 按钮 排布
456 文本 第三步
457 文本 织张力
458 按钮 伏笔
459 按钮 期待感
460 按钮 目标
461 文本 正文
462 文本 1
463 文本 章 ·
464 文本 15
465 文本 字
466 文本
467 文本 正文在「书写」板块编辑（一章一文件）
496 按钮 名单
497 按钮 组织与归属
498 按钮 画布
599 标题 组织与归属
600 文本 一位人物可以同时属于多个组织；每段关系单独记录身份与秘密。
601 按钮 刷新
602 按钮 预览兼容升级
603 按钮 新建组织
640 文章 ID: content-card-C%3A%5CUsers%5Cq9560%5CDocuments%5CGitHub%5CMyAINovel%5C.scratch%5Cnative-83%5C%E6%97%A7%E5%BA%93%E5%89%AF%E6%9C%AC%5C%E9%A1%B9%E7%9B%AE%5C%E9%A1%B9%E7%9B%AE%5C%E3%80%8A%E5%86%92%E9%99%A9%E6%8C%87%E5%8D%97%E3%80%8B%5C%E6%9E%84%E6%80%9D%2F%E7%BB%84%E7%BB%87%5C%E4%BB%8Ev%E4%B8%8D%E9%94%99v%E5%90%A7.md
641 按钮 从v不错v吧 Description: 编辑这张卡片
642 按钮 收起 Description: 收起卡片内容
643 按钮 组织关系
644 文本 成员关系
645 文本 ：
646 文本 大师傅士大夫 · 成员 · 现任 · 公开
647 文章 ID: content-card-C%3A%5CUsers%5Cq9560%5CDocuments%5CGitHub%5CMyAINovel%5C.scratch%5Cnative-83%5C%E6%97%A7%E5%BA%93%E5%89%AF%E6%9C%AC%5C%E9%A1%B9%E7%9B%AE%5C%E9%A1%B9%E7%9B%AE%5C%E3%80%8A%E5%86%92%E9%99%A9%E6%8C%87%E5%8D%97%E3%80%8B%5C%E6%9E%84%E6%80%9D%2F%E7%BB%84%E7%BB%87%5C%E6%B3%95%E5%9B%BD%E9%9F%A9%E5%9B%BD%E5%92%8C.md
648 按钮 法国韩国和 Description: 编辑这张卡片
649 按钮 收起 Description: 收起卡片内容
650 按钮 组织关系
651 文本 成员关系
652 文本 ：
653 文本 而我认为 · 成员 · 现任 · 公开
654 文章 ID: content-card-C%3A%5CUsers%5Cq9560%5CDocuments%5CGitHub%5CMyAINovel%5C.scratch%5Cnative-83%5C%E6%97%A7%E5%BA%93%E5%89%AF%E6%9C%AC%5C%E9%A1%B9%E7%9B%AE%5C%E9%A1%B9%E7%9B%AE%5C%E3%80%8A%E5%86%92%E9%99%A9%E6%8C%87%E5%8D%97%E3%80%8B%5C%E6%9E%84%E6%80%9D%2F%E7%BB%84%E7%BB%87%5C%E9%98%BF%E4%B8%89%E5%A4%A7%E8%8B%8F%E6%89%93.md
655 按钮 阿三大苏打 Description: 编辑这张卡片
656 按钮 收起 Description: 收起卡片内容
657 按钮 组织关系
658 文本 成员关系
659 文本 ：
660 文本 啊实打实 · 成员 · 现任 · 公开
606 标题 人物的组织关系
607 按钮 添加组织关系
661 文章
662 按钮 啊实打实 → 阿三大苏打
663 文本 成员
664 文本 ·
665 文本 现任
666 文本 ·
667 文本 公开
668 文章
669 按钮 大师傅士大夫 → 从v不错v吧
670 文本 成员
671 文本 ·
672 文本 现任
673 文本 ·
674 文本 公开
675 文章
676 按钮 而我认为 → 法国韩国和
677 文本 成员
678 文本 ·
679 文本 现任
680 文本 ·
681 文本 公开
2 标题栏 (settable, string) Value: 工笔
3 菜单栏 系统 ID: MenuBar
4 菜单项 系统
5 按钮 最小化
6 按钮 最大化
7 按钮 关闭


2026-09-27T10:29:47.912Z
Window: "工笔", App: 工笔.exe.
0 窗口 工笔 Secondary Actions: Raise
28 文本 工
30 按钮 拆书 Description: 拆书
31 按钮 灵感库 Description: 灵感库
32 按钮 构思 Description: 构思
33 按钮 书写 Description: 书写
34 按钮 当前项目 Description: 当前项目
35 切换按钮 AI 助手 Description: AI 助手
36 按钮 设置 Description: 设置
435 标题 冒险指南
436 文本 C:\Users\q9560\Documents\GitHub\MyAINovel\.scratch\native-83\旧库副本\项目\项目\《冒险指南》
437 按钮 项目列表
438 按钮 刷新
439 按钮 项目资料
441 按钮 首页
442 文本 第一步
443 文本 定书
444 按钮 大纲
445 按钮 读者遐想（类型圈）
446 按钮 人物与组织 3
447 按钮 世界观
448 按钮 地图
449 按钮 开头
450 文本 第二步
451 文本 生情节
452 按钮 矛盾
453 按钮 桥段库
454 按钮 单元
455 按钮 排布
456 文本 第三步
457 文本 织张力
458 按钮 伏笔
459 按钮 期待感
460 按钮 目标
461 文本 正文
462 文本 1
463 文本 章 ·
464 文本 15
465 文本 字
466 文本
467 文本 正文在「书写」板块编辑（一章一文件）
496 按钮 名单
497 按钮 组织与归属
498 按钮 画布
682 标题 社会关系画布
683 文本 圆形是人物，方形是组织。拖动摆放，点击可多选，双击或 F2 编辑档案；固定后「整理画布」保留其位置。
684 按钮 刷新
685 按钮 图例
686 按钮 连一条关系
687 状态
688 文本 已保存 · 选中 0 个节点
689 按钮 (disabled) 取消固定
690 按钮 整理画布
691 按钮 全部重排
692 按钮 (disabled) 撤销重排
693 图形 人物与组织的社会关系画布
694 按钮 编辑关系：大师傅士大夫（人物） 师徒 啊实打实（人物）
695 文本 师徒
696 按钮 编辑关系：而我认为（人物） 师徒 大师傅士大夫（人物）
697 文本 师徒
698 按钮 编辑关系：啊实打实（人物） 成员 阿三大苏打（组织）
699 文本 成员
700 按钮 编辑关系：大师傅士大夫（人物） 成员 从v不错v吧（组织）
701 文本 成员
702 按钮 编辑关系：而我认为（人物） 成员 法国韩国和（组织）
703 文本 成员
704 切换按钮 啊实打实（人物） Description: 啊实打实（人物）。方向键移动，空格选中，双击或 F2 编辑档案。
705 文本 啊实打实
706 文本 啊实打实
707 切换按钮 大师傅士大夫（人物） Description: 大师傅士大夫（人物）。方向键移动，空格选中，双击或 F2 编辑档案。
708 文本 大师傅士大…
709 文本 大师傅士大夫
710 切换按钮 而我认为（人物） Description: 而我认为（人物）。方向键移动，空格选中，双击或 F2 编辑档案。
711 文本 而我认为
712 文本 而我认为
713 切换按钮 从v不错v吧（组织） Description: 从v不错v吧（组织） · 成员。方向键移动，空格选中，双击或 F2 编辑档案。
714 文本 从v不错v…
715 文本 从v不错v吧
716 文本 成员
717 切换按钮 法国韩国和（组织） Description: 法国韩国和（组织） · 成员。方向键移动，空格选中，双击或 F2 编辑档案。
718 文本 法国韩国和
719 文本 法国韩国和
720 文本 成员
721 切换按钮 阿三大苏打（组织） Description: 阿三大苏打（组织） · 成员。方向键移动，空格选中，双击或 F2 编辑档案。
722 文本 阿三大苏打
723 文本 阿三大苏打
724 文本 成员
726 文本 选中节点查看档案与关系。方向键可移动聚焦节点，空格选中。
727 文本 图例外类型（使用缺省颜色）：
728 文本 成员
729 按钮 (disabled) 提为矛盾
730 按钮 (disabled) 人物交汇
731 按钮 (disabled) AI 梳理人物关系
2 标题栏 (settable, string) Value: 工笔
3 菜单栏 系统 ID: MenuBar
4 菜单项 系统
5 按钮 最小化
6 按钮 最大化
7 按钮 关闭


2026-09-27T10:29:54.558Z
Window: "工笔", App: 工笔.exe.
0 窗口 工笔 Secondary Actions: Raise
28 文本 工
30 按钮 拆书 Description: 拆书
31 按钮 灵感库 Description: 灵感库
32 按钮 构思 Description: 构思
33 按钮 书写 Description: 书写
34 按钮 当前项目 Description: 当前项目
35 切换按钮 AI 助手 Description: AI 助手
36 按钮 设置 Description: 设置
435 标题 冒险指南
436 文本 C:\Users\q9560\Documents\GitHub\MyAINovel\.scratch\native-83\旧库副本\项目\项目\《冒险指南》
437 按钮 项目列表
438 按钮 刷新
439 按钮 项目资料
441 按钮 首页
442 文本 第一步
443 文本 定书
444 按钮 大纲
445 按钮 读者遐想（类型圈）
446 按钮 人物与组织 3
447 按钮 世界观
448 按钮 地图
449 按钮 开头
450 文本 第二步
451 文本 生情节
452 按钮 矛盾
453 按钮 桥段库
454 按钮 单元
455 按钮 排布
456 文本 第三步
457 文本 织张力
458 按钮 伏笔
459 按钮 期待感
460 按钮 目标
461 文本 正文
462 文本 1
463 文本 章 ·
464 文本 15
465 文本 字
466 文本
467 文本 正文在「书写」板块编辑（一章一文件）
496 按钮 名单
497 按钮 组织与归属
498 按钮 画布
682 标题 社会关系画布
683 文本 圆形是人物，方形是组织。拖动摆放，点击可多选，双击或 F2 编辑档案；固定后「整理画布」保留其位置。
684 按钮 (disabled) 刷新
685 按钮 (disabled) 图例
686 按钮 (disabled) 连一条关系
687 状态
688 文本 正在读取或保存…
689 按钮 (disabled) 取消固定
690 按钮 (disabled) 整理画布
691 按钮 (disabled) 全部重排
692 按钮 (disabled) 撤销重排
693 图形 人物与组织的社会关系画布
694 按钮 (disabled) 编辑关系：大师傅士大夫（人物） 师徒 啊实打实（人物）
695 文本 师徒
696 按钮 (disabled) 编辑关系：而我认为（人物） 师徒 大师傅士大夫（人物）
697 文本 师徒
698 按钮 (disabled) 编辑关系：啊实打实（人物） 成员 阿三大苏打（组织）
699 文本 成员
700 按钮 (disabled) 编辑关系：大师傅士大夫（人物） 成员 从v不错v吧（组织）
701 文本 成员
702 按钮 (disabled) 编辑关系：而我认为（人物） 成员 法国韩国和（组织）
703 文本 成员
704 切换按钮 啊实打实（人物） Description: 啊实打实（人物）。方向键移动，空格选中，双击或 F2 编辑档案。
705 文本 啊实打实
706 文本 啊实打实
707 切换按钮 大师傅士大夫（人物） Description: 大师傅士大夫（人物）。方向键移动，空格选中，双击或 F2 编辑档案。
708 文本 大师傅士大…
709 文本 大师傅士大夫
710 切换按钮 而我认为（人物） Description: 而我认为（人物）。方向键移动，空格选中，双击或 F2 编辑档案。
711 文本 而我认为
712 文本 而我认为
713 切换按钮 从v不错v吧（组织） Description: 从v不错v吧（组织） · 成员。方向键移动，空格选中，双击或 F2 编辑档案。
714 文本 从v不错v…
715 文本 从v不错v吧
716 文本 成员
717 切换按钮 法国韩国和（组织） Description: 法国韩国和（组织） · 成员。方向键移动，空格选中，双击或 F2 编辑档案。
718 文本 法国韩国和
719 文本 法国韩国和
720 文本 成员
721 切换按钮 阿三大苏打（组织） Description: 阿三大苏打（组织） · 成员。方向键移动，空格选中，双击或 F2 编辑档案。
722 文本 阿三大苏打
723 文本 阿三大苏打
724 文本 成员
726 文本 选中节点查看档案与关系。方向键可移动聚焦节点，空格选中。
727 文本 图例外类型（使用缺省颜色）：
728 文本 成员
729 按钮 (disabled) 提为矛盾
730 按钮 (disabled) 人物交汇
731 按钮 (disabled) AI 梳理人物关系
2 标题栏 (settable, string) Value: 工笔
3 菜单栏 系统 ID: MenuBar
4 菜单项 系统
5 按钮 最小化
6 按钮 最大化
7 按钮 关闭


2026-09-27T10:30:01.916Z
Window: "工笔", App: 工笔.exe.
0 窗口 工笔 Secondary Actions: Raise
735 工具提示 啊实打实（人物）。方向键移动，空格选中，双击或 F2 编辑档案。
28 文本 工
30 按钮 拆书 Description: 拆书
31 按钮 灵感库 Description: 灵感库
32 按钮 构思 Description: 构思
33 按钮 书写 Description: 书写
34 按钮 当前项目 Description: 当前项目
35 切换按钮 AI 助手 Description: AI 助手
36 按钮 设置 Description: 设置
435 标题 冒险指南
436 文本 C:\Users\q9560\Documents\GitHub\MyAINovel\.scratch\native-83\旧库副本\项目\项目\《冒险指南》
437 按钮 项目列表
438 按钮 刷新
439 按钮 项目资料
441 按钮 首页
442 文本 第一步
443 文本 定书
444 按钮 大纲
445 按钮 读者遐想（类型圈）
446 按钮 人物与组织 3
447 按钮 世界观
448 按钮 地图
449 按钮 开头
450 文本 第二步
451 文本 生情节
452 按钮 矛盾
453 按钮 桥段库
454 按钮 单元
455 按钮 排布
456 文本 第三步
457 文本 织张力
458 按钮 伏笔
459 按钮 期待感
460 按钮 目标
461 文本 正文
462 文本 1
463 文本 章 ·
464 文本 15
465 文本 字
466 文本
467 文本 正文在「书写」板块编辑（一章一文件）
496 按钮 名单
497 按钮 组织与归属
498 按钮 画布
682 标题 社会关系画布
683 文本 圆形是人物，方形是组织。拖动摆放，点击可多选，双击或 F2 编辑档案；固定后「整理画布」保留其位置。
684 按钮 刷新
685 按钮 图例
686 按钮 连一条关系
687 状态
688 文本 已保存 · 选中 0 个节点
689 按钮 (disabled) 取消固定
690 按钮 整理画布
691 按钮 全部重排
692 按钮 (disabled) 撤销重排
693 图形 人物与组织的社会关系画布
694 按钮 编辑关系：大师傅士大夫（人物） 师徒 啊实打实（人物）
695 文本 师徒
696 按钮 编辑关系：而我认为（人物） 师徒 大师傅士大夫（人物）
697 文本 师徒
698 按钮 编辑关系：啊实打实（人物） 成员 阿三大苏打（组织）
699 文本 成员
700 按钮 编辑关系：大师傅士大夫（人物） 成员 从v不错v吧（组织）
701 文本 成员
702 按钮 编辑关系：而我认为（人物） 成员 法国韩国和（组织）
703 文本 成员
704 切换按钮 啊实打实（人物） Description: 啊实打实（人物）。方向键移动，空格选中，双击或 F2 编辑档案。
705 文本 啊实打实
706 文本 啊实打实
707 切换按钮 大师傅士大夫（人物） Description: 大师傅士大夫（人物）。方向键移动，空格选中，双击或 F2 编辑档案。
708 文本 大师傅士大…
709 文本 大师傅士大夫
710 切换按钮 而我认为（人物） Description: 而我认为（人物）。方向键移动，空格选中，双击或 F2 编辑档案。
711 文本 而我认为
712 文本 而我认为
713 切换按钮 从v不错v吧（组织） Description: 从v不错v吧（组织） · 成员。方向键移动，空格选中，双击或 F2 编辑档案。
714 文本 从v不错v…
715 文本 从v不错v吧
716 文本 成员
717 切换按钮 法国韩国和（组织） Description: 法国韩国和（组织） · 成员。方向键移动，空格选中，双击或 F2 编辑档案。
718 文本 法国韩国和
719 文本 法国韩国和
720 文本 成员
721 切换按钮 阿三大苏打（组织） Description: 阿三大苏打（组织） · 成员。方向键移动，空格选中，双击或 F2 编辑档案。
722 文本 阿三大苏打
723 文本 阿三大苏打
724 文本 成员
726 文本 选中节点查看档案与关系。方向键可移动聚焦节点，空格选中。
727 文本 图例外类型（使用缺省颜色）：
728 文本 成员
729 按钮 (disabled) 提为矛盾
730 按钮 (disabled) 人物交汇
731 按钮 (disabled) AI 梳理人物关系
2 标题栏 (settable, string) Value: 工笔
3 菜单栏 系统 ID: MenuBar
4 菜单项 系统
5 按钮 最小化
6 按钮 最大化
7 按钮 关闭


2026-09-27T10:30:10.111Z
Window: "工笔", App: 工笔.exe.
0 窗口 工笔 Secondary Actions: Raise
28 文本 工
30 按钮 拆书 Description: 拆书
31 按钮 灵感库 Description: 灵感库
32 按钮 构思 Description: 构思
33 按钮 书写 Description: 书写
34 按钮 当前项目 Description: 当前项目
35 切换按钮 AI 助手 Description: AI 助手
36 按钮 设置 Description: 设置
435 标题 冒险指南
436 文本 C:\Users\q9560\Documents\GitHub\MyAINovel\.scratch\native-83\旧库副本\项目\项目\《冒险指南》
437 按钮 项目列表
438 按钮 刷新
439 按钮 项目资料
441 按钮 首页
442 文本 第一步
443 文本 定书
444 按钮 大纲
445 按钮 读者遐想（类型圈）
446 按钮 人物与组织 3
447 按钮 世界观
448 按钮 地图
449 按钮 开头
450 文本 第二步
451 文本 生情节
452 按钮 矛盾
453 按钮 桥段库
454 按钮 单元
455 按钮 排布
456 文本 第三步
457 文本 织张力
458 按钮 伏笔
459 按钮 期待感
460 按钮 目标
461 文本 正文
462 文本 1
463 文本 章 ·
464 文本 15
465 文本 字
466 文本
467 文本 正文在「书写」板块编辑（一章一文件）
496 按钮 名单
497 按钮 组织与归属
498 按钮 画布
682 标题 社会关系画布
683 文本 圆形是人物，方形是组织。拖动摆放，点击可多选，双击或 F2 编辑档案；固定后「整理画布」保留其位置。
684 按钮 刷新
685 按钮 图例
686 按钮 连一条关系
687 状态
688 文本 已保存 · 选中 1 个节点
689 按钮 固定选中
690 按钮 整理画布
691 按钮 全部重排
692 按钮 (disabled) 撤销重排
693 图形 人物与组织的社会关系画布
694 按钮 编辑关系：大师傅士大夫（人物） 师徒 啊实打实（人物）
695 文本 师徒
696 按钮 编辑关系：而我认为（人物） 师徒 大师傅士大夫（人物）
697 文本 师徒
698 按钮 编辑关系：啊实打实（人物） 成员 阿三大苏打（组织）
699 文本 成员
700 按钮 编辑关系：大师傅士大夫（人物） 成员 从v不错v吧（组织）
701 文本 成员
702 按钮 编辑关系：而我认为（人物） 成员 法国韩国和（组织）
703 文本 成员
704 切换按钮 啊实打实（人物） Description: 啊实打实（人物）。方向键移动，空格选中，双击或 F2 编辑档案。
705 文本 啊实打实
706 文本 啊实打实
707 切换按钮 大师傅士大夫（人物） Description: 大师傅士大夫（人物）。方向键移动，空格选中，双击或 F2 编辑档案。
708 文本 大师傅士大…
709 文本 大师傅士大夫
710 切换按钮 而我认为（人物） Description: 而我认为（人物）。方向键移动，空格选中，双击或 F2 编辑档案。
711 文本 而我认为
712 文本 而我认为
713 切换按钮 从v不错v吧（组织） Description: 从v不错v吧（组织） · 成员。方向键移动，空格选中，双击或 F2 编辑档案。
714 文本 从v不错v…
715 文本 从v不错v吧
716 文本 成员
717 切换按钮 法国韩国和（组织） Description: 法国韩国和（组织） · 成员。方向键移动，空格选中，双击或 F2 编辑档案。
718 文本 法国韩国和
719 文本 法国韩国和
720 文本 成员
721 切换按钮 阿三大苏打（组织） Description: 阿三大苏打（组织） · 成员。方向键移动，空格选中，双击或 F2 编辑档案。
722 文本 阿三大苏打
723 文本 阿三大苏打
724 文本 成员
736 文章
737 标题 啊实打实（人物）
738 按钮 编辑档案
739 按钮 跟 TA 聊
740 文本 别名
741 文本 ：
742 文本 啊实打实大苏打
743 文本 组织关系
744 文本 ：
745 文本 阿三大苏打 · 成员 · 现任 · 公开
746 文本 阿三大苏打实打实d
747 列表
748 列表项目 大师傅士大夫（人物） → 啊实打实（人物） · 师徒
749 按钮 大师傅士大夫（人物） → 啊实打实（人物） · 师徒
750 列表项目 啊实打实（人物） → 阿三大苏打（组织） · 成员
751 按钮 啊实打实（人物） → 阿三大苏打（组织） · 成员
727 文本 图例外类型（使用缺省颜色）：
728 文本 成员
729 按钮 (disabled) 提为矛盾
730 按钮 (disabled) 人物交汇
731 按钮 (disabled) AI 梳理人物关系
2 标题栏 (settable, string) Value: 工笔
3 菜单栏 系统 ID: MenuBar
4 菜单项 系统
5 按钮 最小化
6 按钮 最大化
7 按钮 关闭


2026-09-27T10:30:14.911Z
Window: "工笔", App: 工笔.exe.
0 窗口 工笔 Secondary Actions: Raise
28 文本 工
30 按钮 拆书 Description: 拆书
31 按钮 灵感库 Description: 灵感库
32 按钮 构思 Description: 构思
33 按钮 书写 Description: 书写
34 按钮 当前项目 Description: 当前项目
35 切换按钮 AI 助手 Description: AI 助手
36 按钮 设置 Description: 设置
435 标题 冒险指南
436 文本 C:\Users\q9560\Documents\GitHub\MyAINovel\.scratch\native-83\旧库副本\项目\项目\《冒险指南》
437 按钮 项目列表
438 按钮 刷新
439 按钮 项目资料
441 按钮 首页
442 文本 第一步
443 文本 定书
444 按钮 大纲
445 按钮 读者遐想（类型圈）
446 按钮 人物与组织 3
447 按钮 世界观
448 按钮 地图
449 按钮 开头
450 文本 第二步
451 文本 生情节
452 按钮 矛盾
453 按钮 桥段库
454 按钮 单元
455 按钮 排布
456 文本 第三步
457 文本 织张力
458 按钮 伏笔
459 按钮 期待感
460 按钮 目标
461 文本 正文
462 文本 1
463 文本 章 ·
464 文本 15
465 文本 字
466 文本
467 文本 正文在「书写」板块编辑（一章一文件）
496 按钮 名单
497 按钮 组织与归属
498 按钮 画布
682 标题 社会关系画布
683 文本 圆形是人物，方形是组织。拖动摆放，点击可多选，双击或 F2 编辑档案；固定后「整理画布」保留其位置。
684 按钮 刷新
685 按钮 图例
686 按钮 连一条关系
687 状态
688 文本 已保存 · 选中 1 个节点
689 按钮 固定选中
690 按钮 整理画布
691 按钮 全部重排
692 按钮 (disabled) 撤销重排
693 图形 人物与组织的社会关系画布
694 按钮 编辑关系：大师傅士大夫（人物） 师徒 啊实打实（人物）
695 文本 师徒
696 按钮 编辑关系：而我认为（人物） 师徒 大师傅士大夫（人物）
697 文本 师徒
698 按钮 编辑关系：啊实打实（人物） 成员 阿三大苏打（组织）
699 文本 成员
700 按钮 编辑关系：大师傅士大夫（人物） 成员 从v不错v吧（组织）
701 文本 成员
702 按钮 编辑关系：而我认为（人物） 成员 法国韩国和（组织）
703 文本 成员
704 切换按钮 啊实打实（人物） Description: 啊实打实（人物）。方向键移动，空格选中，双击或 F2 编辑档案。
705 文本 啊实打实
706 文本 啊实打实
707 切换按钮 大师傅士大夫（人物） Description: 大师傅士大夫（人物）。方向键移动，空格选中，双击或 F2 编辑档案。
708 文本 大师傅士大…
709 文本 大师傅士大夫
710 切换按钮 而我认为（人物） Description: 而我认为（人物）。方向键移动，空格选中，双击或 F2 编辑档案。
711 文本 而我认为
712 文本 而我认为
713 切换按钮 从v不错v吧（组织） Description: 从v不错v吧（组织） · 成员。方向键移动，空格选中，双击或 F2 编辑档案。
714 文本 从v不错v…
715 文本 从v不错v吧
716 文本 成员
717 切换按钮 法国韩国和（组织） Description: 法国韩国和（组织） · 成员。方向键移动，空格选中，双击或 F2 编辑档案。
718 文本 法国韩国和
719 文本 法国韩国和
720 文本 成员
721 切换按钮 阿三大苏打（组织） Description: 阿三大苏打（组织） · 成员。方向键移动，空格选中，双击或 F2 编辑档案。
722 文本 阿三大苏打
723 文本 阿三大苏打
724 文本 成员
736 文章
737 标题 啊实打实（人物）
738 按钮 编辑档案
739 按钮 跟 TA 聊
740 文本 别名
741 文本 ：
742 文本 啊实打实大苏打
743 文本 组织关系
744 文本 ：
745 文本 阿三大苏打 · 成员 · 现任 · 公开
746 文本 阿三大苏打实打实d
747 列表
748 列表项目 大师傅士大夫（人物） → 啊实打实（人物） · 师徒
749 按钮 大师傅士大夫（人物） → 啊实打实（人物） · 师徒
750 列表项目 啊实打实（人物） → 阿三大苏打（组织） · 成员
751 按钮 啊实打实（人物） → 阿三大苏打（组织） · 成员
727 文本 图例外类型（使用缺省颜色）：
728 文本 成员
729 按钮 (disabled) 提为矛盾
730 按钮 (disabled) 人物交汇
731 按钮 (disabled) AI 梳理人物关系
2 标题栏 (settable, string) Value: 工笔
3 菜单栏 系统 ID: MenuBar
4 菜单项 系统
5 按钮 最小化
6 按钮 最大化
7 按钮 关闭


2026-09-27T10:30:21.297Z
Window: "工笔", App: 工笔.exe.
0 窗口 工笔 Secondary Actions: Raise
28 文本 工
30 按钮 拆书 Description: 拆书
31 按钮 灵感库 Description: 灵感库
32 按钮 构思 Description: 构思
33 按钮 书写 Description: 书写
34 按钮 当前项目 Description: 当前项目
35 切换按钮 AI 助手 Description: AI 助手
36 按钮 设置 Description: 设置
435 标题 冒险指南
436 文本 C:\Users\q9560\Documents\GitHub\MyAINovel\.scratch\native-83\旧库副本\项目\项目\《冒险指南》
437 按钮 项目列表
438 按钮 刷新
439 按钮 项目资料
441 按钮 首页
442 文本 第一步
443 文本 定书
444 按钮 大纲
445 按钮 读者遐想（类型圈）
446 按钮 人物与组织 3
447 按钮 世界观
448 按钮 地图
449 按钮 开头
450 文本 第二步
451 文本 生情节
452 按钮 矛盾
453 按钮 桥段库
454 按钮 单元
455 按钮 排布
456 文本 第三步
457 文本 织张力
458 按钮 伏笔
459 按钮 期待感
460 按钮 目标
461 文本 正文
462 文本 1
463 文本 章 ·
464 文本 15
465 文本 字
466 文本
467 文本 正文在「书写」板块编辑（一章一文件）
496 按钮 名单
497 按钮 组织与归属
498 按钮 画布
682 标题 社会关系画布
683 文本 圆形是人物，方形是组织。拖动摆放，点击可多选，双击或 F2 编辑档案；固定后「整理画布」保留其位置。
684 按钮 刷新
685 按钮 图例
686 按钮 连一条关系
687 状态
688 文本 已保存 · 选中 1 个节点
689 按钮 取消固定
690 按钮 整理画布
691 按钮 全部重排
692 按钮 (disabled) 撤销重排
693 图形 人物与组织的社会关系画布
694 按钮 编辑关系：大师傅士大夫（人物） 师徒 啊实打实（人物）
695 文本 师徒
696 按钮 编辑关系：而我认为（人物） 师徒 大师傅士大夫（人物）
697 文本 师徒
698 按钮 编辑关系：啊实打实（人物） 成员 阿三大苏打（组织）
699 文本 成员
700 按钮 编辑关系：大师傅士大夫（人物） 成员 从v不错v吧（组织）
701 文本 成员
702 按钮 编辑关系：而我认为（人物） 成员 法国韩国和（组织）
703 文本 成员
704 切换按钮 啊实打实（人物），已固定 Description: 啊实打实（人物）。方向键移动，空格选中，双击或 F2 编辑档案。
705 文本 啊实打实
706 文本 啊实打实
756 文本 固定
707 切换按钮 大师傅士大夫（人物） Description: 大师傅士大夫（人物）。方向键移动，空格选中，双击或 F2 编辑档案。
708 文本 大师傅士大…
709 文本 大师傅士大夫
710 切换按钮 而我认为（人物） Description: 而我认为（人物）。方向键移动，空格选中，双击或 F2 编辑档案。
711 文本 而我认为
712 文本 而我认为
713 切换按钮 从v不错v吧（组织） Description: 从v不错v吧（组织） · 成员。方向键移动，空格选中，双击或 F2 编辑档案。
714 文本 从v不错v…
715 文本 从v不错v吧
716 文本 成员
717 切换按钮 法国韩国和（组织） Description: 法国韩国和（组织） · 成员。方向键移动，空格选中，双击或 F2 编辑档案。
718 文本 法国韩国和
719 文本 法国韩国和
720 文本 成员
721 切换按钮 阿三大苏打（组织） Description: 阿三大苏打（组织） · 成员。方向键移动，空格选中，双击或 F2 编辑档案。
722 文本 阿三大苏打
723 文本 阿三大苏打
724 文本 成员
736 文章
737 标题 啊实打实（人物）
738 按钮 编辑档案
739 按钮 跟 TA 聊
740 文本 别名
741 文本 ：
742 文本 啊实打实大苏打
743 文本 组织关系
744 文本 ：
745 文本 阿三大苏打 · 成员 · 现任 · 公开
746 文本 阿三大苏打实打实d
747 列表
748 列表项目 大师傅士大夫（人物） → 啊实打实（人物） · 师徒
749 按钮 大师傅士大夫（人物） → 啊实打实（人物） · 师徒
750 列表项目 啊实打实（人物） → 阿三大苏打（组织） · 成员
751 按钮 啊实打实（人物） → 阿三大苏打（组织） · 成员
727 文本 图例外类型（使用缺省颜色）：
728 文本 成员
729 按钮 (disabled) 提为矛盾
730 按钮 (disabled) 人物交汇
731 按钮 (disabled) AI 梳理人物关系
2 标题栏 (settable, string) Value: 工笔
3 菜单栏 系统 ID: MenuBar
4 菜单项 系统
5 按钮 最小化
6 按钮 最大化
7 按钮 关闭


2026-09-27T10:30:30.035Z
Window: "工笔", App: 工笔.exe.
0 窗口 工笔 Secondary Actions: Raise
28 文本 工
30 按钮 拆书 Description: 拆书
31 按钮 灵感库 Description: 灵感库
32 按钮 构思 Description: 构思
33 按钮 书写 Description: 书写
34 按钮 当前项目 Description: 当前项目
35 切换按钮 AI 助手 Description: AI 助手
36 按钮 设置 Description: 设置
435 标题 冒险指南
436 文本 C:\Users\q9560\Documents\GitHub\MyAINovel\.scratch\native-83\旧库副本\项目\项目\《冒险指南》
437 按钮 项目列表
438 按钮 刷新
439 按钮 项目资料
441 按钮 首页
442 文本 第一步
443 文本 定书
444 按钮 大纲
445 按钮 读者遐想（类型圈）
446 按钮 人物与组织 3
447 按钮 世界观
448 按钮 地图
449 按钮 开头
450 文本 第二步
451 文本 生情节
452 按钮 矛盾
453 按钮 桥段库
454 按钮 单元
455 按钮 排布
456 文本 第三步
457 文本 织张力
458 按钮 伏笔
459 按钮 期待感
460 按钮 目标
461 文本 正文
462 文本 1
463 文本 章 ·
464 文本 15
465 文本 字
466 文本
467 文本 正文在「书写」板块编辑（一章一文件）
496 按钮 名单
497 按钮 组织与归属
498 按钮 画布
682 标题 社会关系画布
683 文本 圆形是人物，方形是组织。拖动摆放，点击可多选，双击或 F2 编辑档案；固定后「整理画布」保留其位置。
684 按钮 刷新
685 按钮 图例
686 按钮 连一条关系
687 状态
688 文本 已保存 · 选中 1 个节点
689 按钮 取消固定
690 按钮 整理画布
691 按钮 全部重排
692 按钮 (disabled) 撤销重排
693 图形 人物与组织的社会关系画布
694 按钮 编辑关系：大师傅士大夫（人物） 师徒 啊实打实（人物）
695 文本 师徒
696 按钮 编辑关系：而我认为（人物） 师徒 大师傅士大夫（人物）
697 文本 师徒
698 按钮 编辑关系：啊实打实（人物） 成员 阿三大苏打（组织）
699 文本 成员
700 按钮 编辑关系：大师傅士大夫（人物） 成员 从v不错v吧（组织）
701 文本 成员
702 按钮 编辑关系：而我认为（人物） 成员 法国韩国和（组织）
703 文本 成员
704 切换按钮 啊实打实（人物），已固定 Description: 啊实打实（人物）。方向键移动，空格选中，双击或 F2 编辑档案。
705 文本 啊实打实
706 文本 啊实打实
756 文本 固定
707 切换按钮 大师傅士大夫（人物） Description: 大师傅士大夫（人物）。方向键移动，空格选中，双击或 F2 编辑档案。
708 文本 大师傅士大…
709 文本 大师傅士大夫
710 切换按钮 而我认为（人物） Description: 而我认为（人物）。方向键移动，空格选中，双击或 F2 编辑档案。
711 文本 而我认为
712 文本 而我认为
713 切换按钮 从v不错v吧（组织） Description: 从v不错v吧（组织） · 成员。方向键移动，空格选中，双击或 F2 编辑档案。
714 文本 从v不错v…
715 文本 从v不错v吧
716 文本 成员
717 切换按钮 法国韩国和（组织） Description: 法国韩国和（组织） · 成员。方向键移动，空格选中，双击或 F2 编辑档案。
718 文本 法国韩国和
719 文本 法国韩国和
720 文本 成员
721 切换按钮 阿三大苏打（组织） Description: 阿三大苏打（组织） · 成员。方向键移动，空格选中，双击或 F2 编辑档案。
722 文本 阿三大苏打
723 文本 阿三大苏打
724 文本 成员
736 文章
737 标题 啊实打实（人物）
738 按钮 编辑档案
739 按钮 跟 TA 聊
740 文本 别名
741 文本 ：
742 文本 啊实打实大苏打
743 文本 组织关系
744 文本 ：
745 文本 阿三大苏打 · 成员 · 现任 · 公开
746 文本 阿三大苏打实打实d
747 列表
748 列表项目 大师傅士大夫（人物） → 啊实打实（人物） · 师徒
749 按钮 大师傅士大夫（人物） → 啊实打实（人物） · 师徒
750 列表项目 啊实打实（人物） → 阿三大苏打（组织） · 成员
751 按钮 啊实打实（人物） → 阿三大苏打（组织） · 成员
727 文本 图例外类型（使用缺省颜色）：
728 文本 成员
729 按钮 (disabled) 提为矛盾
730 按钮 (disabled) 人物交汇
731 按钮 (disabled) AI 梳理人物关系
2 标题栏 (settable, string) Value: 工笔
3 菜单栏 系统 ID: MenuBar
4 菜单项 系统
5 按钮 最小化
6 按钮 最大化
7 按钮 关闭


2026-09-27T10:30:40.309Z
Window: "工笔", App: 工笔.exe.
0 窗口 工笔 Secondary Actions: Raise
28 文本 工
30 按钮 拆书 Description: 拆书
31 按钮 灵感库 Description: 灵感库
32 按钮 构思 Description: 构思
33 按钮 书写 Description: 书写
34 按钮 当前项目 Description: 当前项目
35 切换按钮 AI 助手 Description: AI 助手
36 按钮 设置 Description: 设置
435 标题 冒险指南
436 文本 C:\Users\q9560\Documents\GitHub\MyAINovel\.scratch\native-83\旧库副本\项目\项目\《冒险指南》
437 按钮 项目列表
438 按钮 刷新
439 按钮 项目资料
441 按钮 首页
442 文本 第一步
443 文本 定书
444 按钮 大纲
445 按钮 读者遐想（类型圈）
446 按钮 人物与组织 3
447 按钮 世界观
448 按钮 地图
449 按钮 开头
450 文本 第二步
451 文本 生情节
452 按钮 矛盾
453 按钮 桥段库
454 按钮 单元
455 按钮 排布
456 文本 第三步
457 文本 织张力
458 按钮 伏笔
459 按钮 期待感
460 按钮 目标
461 文本 正文
462 文本 1
463 文本 章 ·
464 文本 15
465 文本 字
466 文本
467 文本 正文在「书写」板块编辑（一章一文件）
757 标题 期待感看板
758 文本 读者想知道结果
759 文本 的线，按档位铺在章节轴上： 写作时选中正文右键「记为
760 文本 期待感
761 文本 」「兑现期待线」； 这里看哪条线多久没推进、哪章埋的还没兑现。
762 按钮 新建期待感
773 文本 还没有
774 文本 期待感
775 文本 。
776 文本 到「书写」板块写正文，选中一段文字右键「记为
777 文本 期待感
778 文本 」，这里就会出现它；
779 文本
780 文本 也可以先「新建
781 文本 期待感
782 文本 」把名字记下来（待埋），写作时再标注落位。
2 标题栏 (settable, string) Value: 工笔
3 菜单栏 系统 ID: MenuBar
4 菜单项 系统
5 按钮 最小化
6 按钮 最大化
7 按钮 关闭


2026-09-27T10:30:44.848Z
Window: "工笔", App: 工笔.exe.
0 窗口 工笔 Secondary Actions: Raise
28 文本 工
30 按钮 拆书 Description: 拆书
31 按钮 灵感库 Description: 灵感库
32 按钮 构思 Description: 构思
33 按钮 书写 Description: 书写
34 按钮 当前项目 Description: 当前项目
35 切换按钮 AI 助手 Description: AI 助手
36 按钮 设置 Description: 设置
435 标题 冒险指南
436 文本 C:\Users\q9560\Documents\GitHub\MyAINovel\.scratch\native-83\旧库副本\项目\项目\《冒险指南》
437 按钮 项目列表
438 按钮 刷新
439 按钮 项目资料
441 按钮 首页
442 文本 第一步
443 文本 定书
444 按钮 大纲
445 按钮 读者遐想（类型圈）
446 按钮 人物与组织 3
447 按钮 世界观
448 按钮 地图
449 按钮 开头
450 文本 第二步
451 文本 生情节
452 按钮 矛盾
453 按钮 桥段库
454 按钮 单元
455 按钮 排布
456 文本 第三步
457 文本 织张力
458 按钮 伏笔
459 按钮 期待感
460 按钮 目标
461 文本 正文
462 文本 1
463 文本 章 ·
464 文本 15
465 文本 字
466 文本
467 文本 正文在「书写」板块编辑（一章一文件）
757 标题 期待感看板
758 文本 读者想知道结果
759 文本 的线，按档位铺在章节轴上： 写作时选中正文右键「记为
760 文本 期待感
761 文本 」「兑现期待线」； 这里看哪条线多久没推进、哪章埋的还没兑现。
762 按钮 新建期待感
773 文本 还没有
774 文本 期待感
775 文本 。
776 文本 到「书写」板块写正文，选中一段文字右键「记为
777 文本 期待感
778 文本 」，这里就会出现它；
779 文本
780 文本 也可以先「新建
781 文本 期待感
782 文本 」把名字记下来（待埋），写作时再标注落位。
2 标题栏 (settable, string) Value: 工笔
3 菜单栏 系统 ID: MenuBar
4 菜单项 系统
5 按钮 最小化
6 按钮 最大化
7 按钮 关闭


2026-09-27T10:30:55.611Z
Window: "工笔", App: 工笔.exe.
0 窗口 工笔 Secondary Actions: Raise
28 文本 工
30 按钮 拆书 Description: 拆书
31 按钮 灵感库 Description: 灵感库
32 按钮 构思 Description: 构思
33 按钮 书写 Description: 书写
34 按钮 当前项目 Description: 当前项目
35 切换按钮 AI 助手 Description: AI 助手
36 按钮 设置 Description: 设置
435 标题 冒险指南
436 文本 C:\Users\q9560\Documents\GitHub\MyAINovel\.scratch\native-83\旧库副本\项目\项目\《冒险指南》
437 按钮 项目列表
438 按钮 刷新
439 按钮 项目资料
441 按钮 首页
442 文本 第一步
443 文本 定书
444 按钮 大纲
445 按钮 读者遐想（类型圈）
446 按钮 人物与组织 3
447 按钮 世界观
448 按钮 地图
449 按钮 开头
450 文本 第二步
451 文本 生情节
452 按钮 矛盾
453 按钮 桥段库
454 按钮 单元
455 按钮 排布
456 文本 第三步
457 文本 织张力
458 按钮 伏笔
459 按钮 期待感
460 按钮 目标
461 文本 正文
462 文本 1
463 文本 章 ·
464 文本 15
465 文本 字
466 文本
467 文本 正文在「书写」板块编辑（一章一文件）
757 标题 期待感看板
758 文本 读者想知道结果
759 文本 的线，按档位铺在章节轴上： 写作时选中正文右键「记为
760 文本 期待感
761 文本 」「兑现期待线」； 这里看哪条线多久没推进、哪章埋的还没兑现。
762 按钮 新建期待感
773 文本 还没有
774 文本 期待感
775 文本 。
776 文本 到「书写」板块写正文，选中一段文字右键「记为
777 文本 期待感
778 文本 」，这里就会出现它；
779 文本
780 文本 也可以先「新建
781 文本 期待感
782 文本 」把名字记下来（待埋），写作时再标注落位。
784 标题 新建期待感（待埋）
785 文本 线名
786 编辑 (settable, string) 线名 Description: 如：主角何时亮出金手指
787 文本 档位
789 文本 只是先记下这条线；写作时在正文里选中文字标注，它就会升为「已埋」并落到对应档位行。
790 按钮 取消
791 按钮 (disabled) 确定
2 标题栏 (settable, string) Value: 工笔
3 菜单栏 系统 ID: MenuBar
4 菜单项 系统
5 按钮 最小化
6 按钮 最大化
7 按钮 关闭


2026-09-27T10:31:02.070Z
Window: "工笔", App: 工笔.exe.
0 窗口 工笔 Secondary Actions: Raise
28 文本 工
30 按钮 拆书 Description: 拆书
31 按钮 灵感库 Description: 灵感库
32 按钮 构思 Description: 构思
33 按钮 书写 Description: 书写
34 按钮 当前项目 Description: 当前项目
35 切换按钮 AI 助手 Description: AI 助手
36 按钮 设置 Description: 设置
435 标题 冒险指南
436 文本 C:\Users\q9560\Documents\GitHub\MyAINovel\.scratch\native-83\旧库副本\项目\项目\《冒险指南》
437 按钮 项目列表
438 按钮 刷新
439 按钮 项目资料
441 按钮 首页
442 文本 第一步
443 文本 定书
444 按钮 大纲
445 按钮 读者遐想（类型圈）
446 按钮 人物与组织 3
447 按钮 世界观
448 按钮 地图
449 按钮 开头
450 文本 第二步
451 文本 生情节
452 按钮 矛盾
453 按钮 桥段库
454 按钮 单元
455 按钮 排布
456 文本 第三步
457 文本 织张力
458 按钮 伏笔
459 按钮 期待感
460 按钮 目标
461 文本 正文
462 文本 1
463 文本 章 ·
464 文本 15
465 文本 字
466 文本
467 文本 正文在「书写」板块编辑（一章一文件）
757 标题 期待感看板
758 文本 读者想知道结果
759 文本 的线，按档位铺在章节轴上： 写作时选中正文右键「记为
760 文本 期待感
761 文本 」「兑现期待线」； 这里看哪条线多久没推进、哪章埋的还没兑现。
762 按钮 新建期待感
773 文本 还没有
774 文本 期待感
775 文本 。
776 文本 到「书写」板块写正文，选中一段文字右键「记为
777 文本 期待感
778 文本 」，这里就会出现它；
779 文本
780 文本 也可以先「新建
781 文本 期待感
782 文本 」把名字记下来（待埋），写作时再标注落位。
784 标题 新建期待感（待埋）
785 文本 线名
786 编辑 (settable, string) 线名 Description: 如：主角何时亮出金手指
787 文本 档位
789 文本 只是先记下这条线；写作时在正文里选中文字标注，它就会升为「已埋」并落到对应档位行。
790 按钮 取消
791 按钮 (disabled) 确定
2 标题栏 (settable, string) Value: 工笔
3 菜单栏 系统 ID: MenuBar
4 菜单项 系统
5 按钮 最小化
6 按钮 最大化
7 按钮 关闭


2026-09-27T10:31:10.172Z
Window: "工笔", App: 工笔.exe.
0 窗口 工笔 Secondary Actions: Raise
28 文本 工
30 按钮 拆书 Description: 拆书
31 按钮 灵感库 Description: 灵感库
32 按钮 构思 Description: 构思
33 按钮 书写 Description: 书写
34 按钮 当前项目 Description: 当前项目
35 切换按钮 AI 助手 Description: AI 助手
36 按钮 设置 Description: 设置
435 标题 冒险指南
436 文本 C:\Users\q9560\Documents\GitHub\MyAINovel\.scratch\native-83\旧库副本\项目\项目\《冒险指南》
437 按钮 项目列表
438 按钮 刷新
439 按钮 项目资料
441 按钮 首页
442 文本 第一步
443 文本 定书
444 按钮 大纲
445 按钮 读者遐想（类型圈）
446 按钮 人物与组织 3
447 按钮 世界观
448 按钮 地图
449 按钮 开头
450 文本 第二步
451 文本 生情节
452 按钮 矛盾
453 按钮 桥段库
454 按钮 单元
455 按钮 排布
456 文本 第三步
457 文本 织张力
458 按钮 伏笔
459 按钮 期待感
460 按钮 目标
461 文本 正文
462 文本 1
463 文本 章 ·
464 文本 15
465 文本 字
466 文本
467 文本 正文在「书写」板块编辑（一章一文件）
757 标题 期待感看板
758 文本 读者想知道结果
759 文本 的线，按档位铺在章节轴上： 写作时选中正文右键「记为
760 文本 期待感
761 文本 」「兑现期待线」； 这里看哪条线多久没推进、哪章埋的还没兑现。
762 按钮 新建期待感
773 文本 还没有
774 文本 期待感
775 文本 。
776 文本 到「书写」板块写正文，选中一段文字右键「记为
777 文本 期待感
778 文本 」，这里就会出现它；
779 文本
780 文本 也可以先「新建
781 文本 期待感
782 文本 」把名字记下来（待埋），写作时再标注落位。
784 标题 新建期待感（待埋）
785 文本 线名
786 编辑 (settable, string) 线名 Description: 如：主角何时亮出金手指 Value: 原生83旧库期待线
787 文本 档位
789 文本 只是先记下这条线；写作时在正文里选中文字标注，它就会升为「已埋」并落到对应档位行。
790 按钮 取消
791 按钮 确定
2 标题栏 (settable, string) Value: 工笔
3 菜单栏 系统 ID: MenuBar
4 菜单项 系统
5 按钮 最小化
6 按钮 最大化
7 按钮 关闭


2026-09-27T10:31:15.878Z
Window: "工笔", App: 工笔.exe.
0 窗口 工笔 Secondary Actions: Raise
28 文本 工
30 按钮 拆书 Description: 拆书
31 按钮 灵感库 Description: 灵感库
32 按钮 构思 Description: 构思
33 按钮 书写 Description: 书写
34 按钮 当前项目 Description: 当前项目
35 切换按钮 AI 助手 Description: AI 助手
36 按钮 设置 Description: 设置
435 标题 冒险指南
436 文本 C:\Users\q9560\Documents\GitHub\MyAINovel\.scratch\native-83\旧库副本\项目\项目\《冒险指南》
437 按钮 项目列表
438 按钮 刷新
439 按钮 项目资料
441 按钮 首页
442 文本 第一步
443 文本 定书
444 按钮 大纲
445 按钮 读者遐想（类型圈）
446 按钮 人物与组织 3
447 按钮 世界观
448 按钮 地图
449 按钮 开头
450 文本 第二步
451 文本 生情节
452 按钮 矛盾
453 按钮 桥段库
454 按钮 单元
455 按钮 排布
456 文本 第三步
457 文本 织张力
458 按钮 伏笔
459 按钮 期待感 1
460 按钮 目标
461 文本 正文
462 文本 1
463 文本 章 ·
464 文本 15
465 文本 字
466 文本
467 文本 正文在「书写」板块编辑（一章一文件）
757 标题 期待感看板
758 文本 读者想知道结果
759 文本 的线，按档位铺在章节轴上： 写作时选中正文右键「记为
760 文本 期待感
761 文本 」「兑现期待线」； 这里看哪条线多久没推进、哪章埋的还没兑现。
762 按钮 新建期待感
792 文本 还没落位（待埋）
793 按钮 原生83旧库期待线 Description: 还没在正文里标注；标注后自动落到档位行
794 文本 「还没落位」＝记了名字、还没写进正文；到「书写」板块选中一段文字 右键「记为
795 文本 期待感
796 文本 」，同名线就会落位到档位行。
2 标题栏 (settable, string) Value: 工笔
3 菜单栏 系统 ID: MenuBar
4 菜单项 系统
5 按钮 最小化
6 按钮 最大化
7 按钮 关闭


2026-09-27T10:31:21.596Z
Window: "工笔", App: 工笔.exe.
0 窗口 工笔 Secondary Actions: Raise
28 文本 工
30 按钮 拆书 Description: 拆书
31 按钮 灵感库 Description: 灵感库
32 按钮 构思 Description: 构思
33 按钮 书写 Description: 书写
34 按钮 当前项目 Description: 当前项目
35 切换按钮 AI 助手 Description: AI 助手
36 按钮 设置 Description: 设置
435 标题 冒险指南
436 文本 C:\Users\q9560\Documents\GitHub\MyAINovel\.scratch\native-83\旧库副本\项目\项目\《冒险指南》
437 按钮 项目列表
438 按钮 刷新
439 按钮 项目资料
441 按钮 首页
442 文本 第一步
443 文本 定书
444 按钮 大纲
445 按钮 读者遐想（类型圈）
446 按钮 人物与组织 3
447 按钮 世界观
448 按钮 地图
449 按钮 开头
450 文本 第二步
451 文本 生情节
452 按钮 矛盾
453 按钮 桥段库
454 按钮 单元
455 按钮 排布
456 文本 第三步
457 文本 织张力
458 按钮 伏笔
459 按钮 期待感 1
460 按钮 目标
461 文本 正文
462 文本 1
463 文本 章 ·
464 文本 15
465 文本 字
466 文本
467 文本 正文在「书写」板块编辑（一章一文件）
757 标题 期待感看板
758 文本 读者想知道结果
759 文本 的线，按档位铺在章节轴上： 写作时选中正文右键「记为
760 文本 期待感
761 文本 」「兑现期待线」； 这里看哪条线多久没推进、哪章埋的还没兑现。
762 按钮 新建期待感
792 文本 还没落位（待埋）
793 按钮 原生83旧库期待线 Description: 还没在正文里标注；标注后自动落到档位行
794 文本 「还没落位」＝记了名字、还没写进正文；到「书写」板块选中一段文字 右键「记为
795 文本 期待感
796 文本 」，同名线就会落位到档位行。
797 标题 原生83旧库期待线
798 文本 期待感
799 文本 中
800 按钮 待打磨
804 按钮 删除
805 文本 先记下来、还没写进正文的线。
806 文本 档位阈值：
807 文本 短 8 章 · 中 20 章 · 长 50 章
808 文本 还没落位：到正文里选中文字右键「记为
809 文本 期待感
810 文本 」。
2 标题栏 (settable, string) Value: 工笔
3 菜单栏 系统 ID: MenuBar
4 菜单项 系统
5 按钮 最小化
6 按钮 最大化
7 按钮 关闭


2026-09-27T10:31:27.430Z
Window: "工笔", App: 工笔.exe.
0 窗口 工笔 Secondary Actions: Raise
28 文本 工
30 按钮 拆书 Description: 拆书
31 按钮 灵感库 Description: 灵感库
32 按钮 构思 Description: 构思
33 按钮 书写 Description: 书写
34 按钮 当前项目 Description: 当前项目
35 切换按钮 AI 助手 Description: AI 助手
36 按钮 设置 Description: 设置
435 标题 冒险指南
436 文本 C:\Users\q9560\Documents\GitHub\MyAINovel\.scratch\native-83\旧库副本\项目\项目\《冒险指南》
437 按钮 项目列表
438 按钮 刷新
439 按钮 项目资料
441 按钮 首页
442 文本 第一步
443 文本 定书
444 按钮 大纲
445 按钮 读者遐想（类型圈）
446 按钮 人物与组织 3
447 按钮 世界观
448 按钮 地图
449 按钮 开头
450 文本 第二步
451 文本 生情节
452 按钮 矛盾
453 按钮 桥段库
454 按钮 单元
455 按钮 排布
456 文本 第三步
457 文本 织张力
458 按钮 伏笔
459 按钮 期待感 1
460 按钮 目标
461 文本 正文
462 文本 1
463 文本 章 ·
464 文本 15
465 文本 字
466 文本
467 文本 正文在「书写」板块编辑（一章一文件）
757 标题 期待感看板
758 文本 读者想知道结果
759 文本 的线，按档位铺在章节轴上： 写作时选中正文右键「记为
760 文本 期待感
761 文本 」「兑现期待线」； 这里看哪条线多久没推进、哪章埋的还没兑现。
762 按钮 新建期待感
812 标题 待打磨的期待线（期待感）（1）
813 文本 完整保留线索内容；整理完成后回到原类别、档位和次序。
814 文章 ID: expectation-pending-%E5%8E%9F%E7%94%9F83%E6%97%A7%E5%BA%93%E6%9C%9F%E5%BE%85%E7%BA%BF
815 按钮 原生83旧库期待线
816 文本 类别：
817 文本 期待感
818 文本 档位：
819 文本 中
820 文本 状态：
821 文本 待埋
822 文本 先记下来、还没写进正文的线。
823 按钮 整理完成
827 按钮 删除
828 标题 埋设
829 文本 尚无埋设。
830 标题 兑现
831 文本 尚无兑现记录。
2 标题栏 (settable, string) Value: 工笔
3 菜单栏 系统 ID: MenuBar
4 菜单项 系统
5 按钮 最小化
6 按钮 最大化
7 按钮 关闭


2026-09-27T10:31:33.365Z
Window: "工笔", App: 工笔.exe.
0 窗口 工笔 Secondary Actions: Raise
28 文本 工
30 按钮 拆书 Description: 拆书
31 按钮 灵感库 Description: 灵感库
32 按钮 构思 Description: 构思
33 按钮 书写 Description: 书写
34 按钮 当前项目 Description: 当前项目
35 切换按钮 AI 助手 Description: AI 助手
36 按钮 设置 Description: 设置
435 标题 冒险指南
436 文本 C:\Users\q9560\Documents\GitHub\MyAINovel\.scratch\native-83\旧库副本\项目\项目\《冒险指南》
437 按钮 项目列表
438 按钮 刷新
439 按钮 项目资料
441 按钮 首页
442 文本 第一步
443 文本 定书
444 按钮 大纲
445 按钮 读者遐想（类型圈）
446 按钮 人物与组织 3
447 按钮 世界观
448 按钮 地图
449 按钮 开头
450 文本 第二步
451 文本 生情节
452 按钮 矛盾
453 按钮 桥段库
454 按钮 单元
455 按钮 排布
456 文本 第三步
457 文本 织张力
458 按钮 伏笔
459 按钮 期待感 1
460 按钮 目标
461 文本 正文
462 文本 1
463 文本 章 ·
464 文本 15
465 文本 字
466 文本
467 文本 正文在「书写」板块编辑（一章一文件）
757 标题 期待感看板
758 文本 读者想知道结果
759 文本 的线，按档位铺在章节轴上： 写作时选中正文右键「记为
760 文本 期待感
761 文本 」「兑现期待线」； 这里看哪条线多久没推进、哪章埋的还没兑现。
762 按钮 新建期待感
812 标题 待打磨的期待线（期待感）（1）
813 文本 完整保留线索内容；整理完成后回到原类别、档位和次序。
814 文章 ID: expectation-pending-%E5%8E%9F%E7%94%9F83%E6%97%A7%E5%BA%93%E6%9C%9F%E5%BE%85%E7%BA%BF
815 按钮 原生83旧库期待线
816 文本 类别：
817 文本 期待感
818 文本 档位：
819 文本 中
820 文本 状态：
821 文本 待埋
822 文本 先记下来、还没写进正文的线。
823 按钮 整理完成
827 按钮 删除
828 标题 埋设
829 文本 尚无埋设。
830 标题 兑现
831 文本 尚无兑现记录。
832 对话框 搜索创作内容 Secondary Actions: Raise
833 标题 搜索创作内容 ID: global-search-title
834 按钮 关闭 · Esc
835 文本 标题、结构字段或正文
836 编辑 (settable, string) 标题、结构字段或正文 Description: 输入中文或关键词，回车打开
838 文本 Ctrl+K 打开 · ↑↓ 选择 · Enter 跳转
2 标题栏 (settable, string) Value: 工笔
3 菜单栏 系统 ID: MenuBar
4 菜单项 系统
5 按钮 最小化
6 按钮 最大化
7 按钮 关闭


2026-09-27T10:31:38.770Z
Window: "工笔", App: 工笔.exe.
0 窗口 工笔 Secondary Actions: Raise
28 文本 工
30 按钮 拆书 Description: 拆书
31 按钮 灵感库 Description: 灵感库
32 按钮 构思 Description: 构思
33 按钮 书写 Description: 书写
34 按钮 当前项目 Description: 当前项目
35 切换按钮 AI 助手 Description: AI 助手
36 按钮 设置 Description: 设置
435 标题 冒险指南
436 文本 C:\Users\q9560\Documents\GitHub\MyAINovel\.scratch\native-83\旧库副本\项目\项目\《冒险指南》
437 按钮 项目列表
438 按钮 刷新
439 按钮 项目资料
441 按钮 首页
442 文本 第一步
443 文本 定书
444 按钮 大纲
445 按钮 读者遐想（类型圈）
446 按钮 人物与组织 3
447 按钮 世界观
448 按钮 地图
449 按钮 开头
450 文本 第二步
451 文本 生情节
452 按钮 矛盾
453 按钮 桥段库
454 按钮 单元
455 按钮 排布
456 文本 第三步
457 文本 织张力
458 按钮 伏笔
459 按钮 期待感 1
460 按钮 目标
461 文本 正文
462 文本 1
463 文本 章 ·
464 文本 15
465 文本 字
466 文本
467 文本 正文在「书写」板块编辑（一章一文件）
757 标题 期待感看板
758 文本 读者想知道结果
759 文本 的线，按档位铺在章节轴上： 写作时选中正文右键「记为
760 文本 期待感
761 文本 」「兑现期待线」； 这里看哪条线多久没推进、哪章埋的还没兑现。
762 按钮 新建期待感
812 标题 待打磨的期待线（期待感）（1）
813 文本 完整保留线索内容；整理完成后回到原类别、档位和次序。
814 文章 ID: expectation-pending-%E5%8E%9F%E7%94%9F83%E6%97%A7%E5%BA%93%E6%9C%9F%E5%BE%85%E7%BA%BF
815 按钮 原生83旧库期待线
816 文本 类别：
817 文本 期待感
818 文本 档位：
819 文本 中
820 文本 状态：
821 文本 待埋
822 文本 先记下来、还没写进正文的线。
823 按钮 整理完成
827 按钮 删除
828 标题 埋设
829 文本 尚无埋设。
830 标题 兑现
831 文本 尚无兑现记录。
832 对话框 搜索创作内容 Secondary Actions: Raise
833 标题 搜索创作内容 ID: global-search-title
834 按钮 关闭 · Esc
835 文本 标题、结构字段或正文
836 编辑 (settable, string) 标题、结构字段或正文 Description: 输入中文或关键词，回车打开 Value: 原生83旧库期待线
838 文本 1 个结果
840 标题 期待线
841 文章
842 按钮 原生83旧库期待线 冒险指南 · 期待 标题： 原生83旧库期待线 名： 原生83旧库期待线
843 详细信息
844 开合三角标记 展开全文
845 文本 展开全文
2 标题栏 (settable, string) Value: 工笔
3 菜单栏 系统 ID: MenuBar
4 菜单项 系统
5 按钮 最小化
6 按钮 最大化
7 按钮 关闭


2026-09-27T10:31:44.652Z
Window: "工笔", App: 工笔.exe.
0 窗口 工笔 Secondary Actions: Raise
28 文本 工
30 按钮 拆书 Description: 拆书
31 按钮 灵感库 Description: 灵感库
32 按钮 构思 Description: 构思
33 按钮 书写 Description: 书写
34 按钮 当前项目 Description: 当前项目
35 切换按钮 AI 助手 Description: AI 助手
36 按钮 设置 Description: 设置
847 标题 冒险指南
848 文本 C:\Users\q9560\Documents\GitHub\MyAINovel\.scratch\native-83\旧库副本\项目\项目\《冒险指南》
849 按钮 项目列表
850 按钮 刷新
851 按钮 项目资料
853 按钮 首页
854 文本 第一步
855 文本 定书
856 按钮 大纲
857 按钮 读者遐想（类型圈）
858 按钮 人物与组织 3
859 按钮 世界观
860 按钮 地图
861 按钮 开头
862 文本 第二步
863 文本 生情节
864 按钮 矛盾
865 按钮 桥段库
866 按钮 单元
867 按钮 排布
868 文本 第三步
869 文本 织张力
870 按钮 伏笔
871 按钮 期待感 1
872 按钮 目标
873 文本 正文
874 文本 1
875 文本 章 ·
876 文本 15
877 文本 字
878 文本
879 文本 正文在「书写」板块编辑（一章一文件）
880 标题 期待感看板
881 文本 读者想知道结果
882 文本 的线，按档位铺在章节轴上： 写作时选中正文右键「记为
883 文本 期待感
884 文本 」「兑现期待线」； 这里看哪条线多久没推进、哪章埋的还没兑现。
885 按钮 新建期待感
887 标题 待打磨的期待线（期待感）（1）
888 文本 完整保留线索内容；整理完成后回到原类别、档位和次序。
889 文章 ID: expectation-pending-%E5%8E%9F%E7%94%9F83%E6%97%A7%E5%BA%93%E6%9C%9F%E5%BE%85%E7%BA%BF
890 按钮 原生83旧库期待线
891 文本 类别：
892 文本 期待感
893 文本 档位：
894 文本 中
895 文本 状态：
896 文本 待埋
897 文本 先记下来、还没写进正文的线。
898 按钮 整理完成
902 按钮 删除
903 标题 埋设
904 文本 尚无埋设。
905 标题 兑现
906 文本 尚无兑现记录。
2 标题栏 (settable, string) Value: 工笔
3 菜单栏 系统 ID: MenuBar
4 菜单项 系统
5 按钮 最小化
6 按钮 最大化
7 按钮 关闭


2026-09-27T10:31:52.623Z
Window: "工笔", App: 工笔.exe.
0 窗口 工笔 Secondary Actions: Raise
28 文本 工
30 按钮 拆书 Description: 拆书
31 按钮 灵感库 Description: 灵感库
32 按钮 构思 Description: 构思
33 按钮 书写 Description: 书写
34 按钮 当前项目 Description: 当前项目
35 切换按钮 AI 助手 Description: AI 助手
36 按钮 设置 Description: 设置
908 标题 书写
909 文本 C:\Users\q9560\Documents\GitHub\MyAINovel\.scratch\native-83\旧库副本\项目
910 按钮 刷新
911 文本 共
912 文本 1
913 文本 个项目
915 按钮 封面网格
916 按钮 书名列表
918 文本 冒
919 按钮 设封面 Description: 选一张图设为封面（拷进附件/，替换旧封面）
920 按钮 导出/发布 Description: 导出正文 / 发布前校对
921 文本 冒险指南
922 文本 单元
923 文本 0
924 文本 · 矛盾
925 文本 0
926 文本 ·
927 文本
928 文本 15
929 文本 字
2 标题栏 (settable, string) Value: 工笔
3 菜单栏 系统 ID: MenuBar
4 菜单项 系统
5 按钮 最小化
6 按钮 最大化
7 按钮 关闭


2026-09-27T10:31:57.673Z
Window: "工笔", App: 工笔.exe.
0 窗口 工笔 Secondary Actions: Raise
28 文本 工
30 按钮 拆书 Description: 拆书
31 按钮 灵感库 Description: 灵感库
32 按钮 构思 Description: 构思
33 按钮 书写 Description: 书写
34 按钮 当前项目 Description: 当前项目
35 切换按钮 AI 助手 Description: AI 助手
36 按钮 设置 Description: 设置
931 按钮 项目列表
932 标题 第1章 啊实打实
934 文本 已保存
935 按钮 收起列表
936 按钮 收起侧栏
937 按钮 页面
938 按钮 排版 Description: 排版（字体/字号/行距/对齐/缩进，与设置同源）
939 按钮 沉浸
941 文本 章节
942 按钮 总览 Description: 只读章节卡，可按章跳转
943 按钮 新建 Description: 新建一章（Ctrl+Enter 直接开下一章）
944 按钮 刷新
945 按钮 第1章 啊实打实 15 字 Description: 0001 啊实打实.md
946 按钮 重命名
947 按钮 重编号
948 按钮 删除
951 编辑 (settable, string) Value: 萨德去 啊实打实大苏打 阿三大苏打
952 文本 萨德去
953 文本 啊实打实大苏打
954 文本
955 文本
956 文本 阿三大苏打
957 文本
959 标题 本章意图
960 按钮 AI 陪看本章 Description: 由你主动发起；AI 只对照正文与本章意图给建议，不评分、不改正文
961 文本 本章还没有设定写作意图，可以先自由写；形成明确剧情后，再整理为桥段草案。
962 章节页脚
963 文本 本章
964 文本 15
965 文本 字
966 文本 汉字
967 文本 15
968 文本 全书
969 文本 15
970 文本 字
971 按钮 今日 0/2,000 Description: 设置每日目标
973 复选框 (settable, string) 打字机
974 复选框 (settable, string) 行淡化
2 标题栏 (settable, string) Value: 工笔
3 菜单栏 系统 ID: MenuBar
4 菜单项 系统
5 按钮 最小化
6 按钮 最大化
7 按钮 关闭


2026-09-27T10:32:04.120Z
Window: "工笔", App: 工笔.exe.
0 窗口 工笔 Secondary Actions: Raise
28 文本 工
30 按钮 拆书 Description: 拆书
31 按钮 灵感库 Description: 灵感库
32 按钮 构思 Description: 构思
33 按钮 书写 Description: 书写
34 按钮 当前项目 Description: 当前项目
35 切换按钮 AI 助手 Description: AI 助手
36 按钮 设置 Description: 设置
931 按钮 项目列表
932 标题 第1章 啊实打实
934 文本 已保存
935 按钮 收起列表
936 按钮 收起侧栏
937 按钮 页面
938 按钮 排版 Description: 排版（字体/字号/行距/对齐/缩进，与设置同源）
939 按钮 沉浸
941 文本 章节
942 按钮 总览 Description: 只读章节卡，可按章跳转
943 按钮 新建 Description: 新建一章（Ctrl+Enter 直接开下一章）
944 按钮 刷新
945 按钮 第1章 啊实打实 15 字 Description: 0001 啊实打实.md
946 按钮 重命名
947 按钮 重编号
948 按钮 删除
951 编辑 (settable, string) Value: 萨德去 啊实打实大苏打 阿三大苏打
952 文本 萨德去
953 文本 啊实打实大苏打
954 文本
955 文本
956 文本 阿三大苏打
957 文本
959 标题 本章意图
960 按钮 AI 陪看本章 Description: 由你主动发起；AI 只对照正文与本章意图给建议，不评分、不改正文
961 文本 本章还没有设定写作意图，可以先自由写；形成明确剧情后，再整理为桥段草案。
962 章节页脚
963 文本 本章
964 文本 15
965 文本 字
966 文本 汉字
967 文本 15
968 文本 全书
969 文本 15
970 文本 字
971 按钮 今日 0/2,000 Description: 设置每日目标
973 复选框 (settable, string) 打字机
974 复选框 (settable, string) 行淡化
2 标题栏 (settable, string) Value: 工笔
3 菜单栏 系统 ID: MenuBar
4 菜单项 系统
5 按钮 最小化
6 按钮 最大化
7 按钮 关闭


2026-09-27T10:32:11.563Z
Window: "工笔", App: 工笔.exe.
0 窗口 工笔 Secondary Actions: Raise
28 文本 工
30 按钮 拆书 Description: 拆书
31 按钮 灵感库 Description: 灵感库
32 按钮 构思 Description: 构思
33 按钮 书写 Description: 书写
34 按钮 当前项目 Description: 当前项目
35 切换按钮 AI 助手 Description: AI 助手
36 按钮 设置 Description: 设置
931 按钮 项目列表
932 标题 第1章 啊实打实
934 文本 已保存
935 按钮 收起列表
936 按钮 收起侧栏
937 按钮 页面
938 按钮 排版 Description: 排版（字体/字号/行距/对齐/缩进，与设置同源）
939 按钮 沉浸
941 文本 章节
942 按钮 总览 Description: 只读章节卡，可按章跳转
943 按钮 新建 Description: 新建一章（Ctrl+Enter 直接开下一章）
944 按钮 刷新
945 按钮 第1章 啊实打实 15 字 Description: 0001 啊实打实.md
946 按钮 重命名
947 按钮 重编号
948 按钮 删除
951 编辑 (settable, string) Value: 萨德去 啊实打实大苏打 阿三大苏打
952 文本 萨德去
953 文本 啊实打实大苏打
954 文本
955 文本
956 文本 阿三大苏打
957 文本
959 标题 本章意图
960 按钮 AI 陪看本章 Description: 由你主动发起；AI 只对照正文与本章意图给建议，不评分、不改正文
961 文本 本章还没有设定写作意图，可以先自由写；形成明确剧情后，再整理为桥段草案。
962 章节页脚
963 文本 本章
964 文本 15
965 文本 字
966 文本 汉字
967 文本 15
968 文本 全书
969 文本 15
970 文本 字
971 按钮 今日 0/2,000 Description: 设置每日目标
973 复选框 (settable, string) 打字机
974 复选框 (settable, string) 行淡化
2 标题栏 (settable, string) Value: 工笔
3 菜单栏 系统 ID: MenuBar
4 菜单项 系统
5 按钮 最小化
6 按钮 最大化
7 按钮 关闭


2026-09-27T10:32:18.711Z
Window: "工笔", App: 工笔.exe.
0 窗口 工笔 Secondary Actions: Raise
28 文本 工
30 按钮 拆书 Description: 拆书
31 按钮 灵感库 Description: 灵感库
32 按钮 构思 Description: 构思
33 按钮 书写 Description: 书写
34 按钮 当前项目 Description: 当前项目
35 切换按钮 AI 助手 Description: AI 助手
36 按钮 设置 Description: 设置
931 按钮 项目列表
932 标题 第1章 啊实打实
975 按钮 未保存 Description: 停笔自动保存；Ctrl+S 立即保存。冲突时用下方横幅裁决。
935 按钮 收起列表
936 按钮 收起侧栏
937 按钮 页面
938 按钮 排版 Description: 排版（字体/字号/行距/对齐/缩进，与设置同源）
939 按钮 沉浸
941 文本 章节
942 按钮 总览 Description: 只读章节卡，可按章跳转
943 按钮 新建 Description: 新建一章（Ctrl+Enter 直接开下一章）
944 按钮 刷新
945 按钮 第1章 啊实打实 15 字 Description: 0001 啊实打实.md
946 按钮 重命名
947 按钮 重编号
948 按钮 删除
951 编辑 (settable, string) Value: 萨德去 啊实打实大苏打 阿三大苏打 原生终验83书写保存标记
952 文本 萨德去
953 文本 啊实打实大苏打
954 文本
955 文本
956 文本 阿三大苏打
976 文本 原生终验83书写保存标记
959 标题 本章意图
960 按钮 AI 陪看本章 Description: 由你主动发起；AI 只对照正文与本章意图给建议，不评分、不改正文
961 文本 本章还没有设定写作意图，可以先自由写；形成明确剧情后，再整理为桥段草案。
962 章节页脚
963 文本 本章
964 文本 27
965 文本 字
966 文本 汉字
967 文本 25
968 文本 全书
969 文本 27
970 文本 字
971 按钮 今日 0/2,000 Description: 设置每日目标
973 复选框 (settable, string) 打字机
974 复选框 (settable, string) 行淡化
2 标题栏 (settable, string) Value: 工笔
3 菜单栏 系统 ID: MenuBar
4 菜单项 系统
5 按钮 最小化
6 按钮 最大化
7 按钮 关闭


2026-09-27T10:32:27.936Z
Window: "工笔", App: 工笔.exe.
0 窗口 工笔 Secondary Actions: Raise
28 文本 工
30 按钮 拆书 Description: 拆书
31 按钮 灵感库 Description: 灵感库
32 按钮 构思 Description: 构思
33 按钮 书写 Description: 书写
34 按钮 当前项目 Description: 当前项目
35 切换按钮 AI 助手 Description: AI 助手
36 按钮 设置 Description: 设置
931 按钮 项目列表
932 标题 第2章（无标题）
978 文本 已保存
935 按钮 收起列表
936 按钮 收起侧栏
937 按钮 页面
938 按钮 排版 Description: 排版（字体/字号/行距/对齐/缩进，与设置同源）
939 按钮 沉浸
941 文本 章节
942 按钮 总览 Description: 只读章节卡，可按章跳转
943 按钮 新建 Description: 新建一章（Ctrl+Enter 直接开下一章）
944 按钮 刷新
945 按钮 第1章 啊实打实 27 字 Description: 0001 啊实打实.md
979 按钮 第2章（无标题） 0 字 Description: 0002.md
946 按钮 重命名
947 按钮 重编号
948 按钮 删除
951 编辑 (settable, string) Value:
980 文本
959 标题 本章意图
960 按钮 AI 陪看本章 Description: 由你主动发起；AI 只对照正文与本章意图给建议，不评分、不改正文
961 文本 本章还没有设定写作意图，可以先自由写；形成明确剧情后，再整理为桥段草案。
962 章节页脚
963 文本 本章
964 文本 0
965 文本 字
966 文本 汉字
967 文本 0
968 文本 全书
969 文本 27
970 文本 字
971 按钮 今日 12/2,000 Description: 设置每日目标
973 复选框 (settable, string) 打字机
974 复选框 (settable, string) 行淡化
2 标题栏 (settable, string) Value: 工笔
3 菜单栏 系统 ID: MenuBar
4 菜单项 系统
5 按钮 最小化
6 按钮 最大化
7 按钮 关闭


2026-09-27T10:32:36.439Z
Window: "工笔", App: 工笔.exe.
0 窗口 工笔 Secondary Actions: Raise
28 文本 工
30 按钮 拆书 Description: 拆书
31 按钮 灵感库 Description: 灵感库
32 按钮 构思 Description: 构思
33 按钮 书写 Description: 书写
34 按钮 当前项目 Description: 当前项目
35 切换按钮 AI 助手 Description: AI 助手
36 按钮 设置 Description: 设置
931 按钮 项目列表
932 标题 第2章（无标题）
978 文本 已保存
935 按钮 收起列表
936 按钮 收起侧栏
937 按钮 页面
938 按钮 排版 Description: 排版（字体/字号/行距/对齐/缩进，与设置同源）
939 按钮 沉浸
941 文本 章节
942 按钮 总览 Description: 只读章节卡，可按章跳转
943 按钮 新建 Description: 新建一章（Ctrl+Enter 直接开下一章）
944 按钮 刷新
945 按钮 第1章 啊实打实 27 字 Description: 0001 啊实打实.md
979 按钮 第2章（无标题） 0 字 Description: 0002.md
946 按钮 重命名
947 按钮 重编号
948 按钮 删除
951 编辑 (settable, string) Value:
980 文本
959 标题 本章意图
960 按钮 AI 陪看本章 Description: 由你主动发起；AI 只对照正文与本章意图给建议，不评分、不改正文
961 文本 本章还没有设定写作意图，可以先自由写；形成明确剧情后，再整理为桥段草案。
962 章节页脚
963 文本 本章
964 文本 0
965 文本 字
966 文本 汉字
967 文本 0
968 文本 全书
969 文本 27
970 文本 字
971 按钮 今日 12/2,000 Description: 设置每日目标
973 复选框 (settable, string) 打字机
974 复选框 (settable, string) 行淡化
982 对话框 灵感速记 Secondary Actions: Raise
983 标题 灵感速记 ID: quick-note-title
984 文本 保存到灵感库待打磨区 · 关联
985 文本 冒险指南
986 文本 /
987 文本 第2章（无标题）
988 文本 先记下来，标题和归类以后再补
989 编辑 (settable, string) 先记下来，标题和归类以后再补 Description: 写下刚想到的内容…
990 按钮 稍后再写
991 按钮 (disabled) 保存便笺
2 标题栏 (settable, string) Value: 工笔
3 菜单栏 系统 ID: MenuBar
4 菜单项 系统
5 按钮 最小化
6 按钮 最大化
7 按钮 关闭


2026-09-27T10:32:42.134Z
Window: "工笔", App: 工笔.exe.
0 窗口 工笔 Secondary Actions: Raise
28 文本 工
30 按钮 拆书 Description: 拆书
31 按钮 灵感库 Description: 灵感库
32 按钮 构思 Description: 构思
33 按钮 书写 Description: 书写
34 按钮 当前项目 Description: 当前项目
35 切换按钮 AI 助手 Description: AI 助手
36 按钮 设置 Description: 设置
931 按钮 项目列表
932 标题 第2章（无标题）
978 文本 已保存
935 按钮 收起列表
936 按钮 收起侧栏
937 按钮 页面
938 按钮 排版 Description: 排版（字体/字号/行距/对齐/缩进，与设置同源）
939 按钮 沉浸
941 文本 章节
942 按钮 总览 Description: 只读章节卡，可按章跳转
943 按钮 新建 Description: 新建一章（Ctrl+Enter 直接开下一章）
944 按钮 刷新
945 按钮 第1章 啊实打实 27 字 Description: 0001 啊实打实.md
979 按钮 第2章（无标题） 0 字 Description: 0002.md
946 按钮 重命名
947 按钮 重编号
948 按钮 删除
951 编辑 (settable, string) Value:
980 文本
959 标题 本章意图
960 按钮 AI 陪看本章 Description: 由你主动发起；AI 只对照正文与本章意图给建议，不评分、不改正文
961 文本 本章还没有设定写作意图，可以先自由写；形成明确剧情后，再整理为桥段草案。
962 章节页脚
963 文本 本章
964 文本 0
965 文本 字
966 文本 汉字
967 文本 0
968 文本 全书
969 文本 27
970 文本 字
971 按钮 今日 12/2,000 Description: 设置每日目标
973 复选框 (settable, string) 打字机
974 复选框 (settable, string) 行淡化
982 对话框 灵感速记 Secondary Actions: Raise
983 标题 灵感速记 ID: quick-note-title
984 文本 保存到灵感库待打磨区 · 关联
985 文本 冒险指南
986 文本 /
987 文本 第2章（无标题）
988 文本 先记下来，标题和归类以后再补
989 编辑 (settable, string) 先记下来，标题和归类以后再补 Description: 写下刚想到的内容… Value: 原生83旧库第二章速记，重启后检查关联。
990 按钮 稍后再写
991 按钮 保存便笺
2 标题栏 (settable, string) Value: 工笔
3 菜单栏 系统 ID: MenuBar
4 菜单项 系统
5 按钮 最小化
6 按钮 最大化
7 按钮 关闭


2026-09-27T10:32:49.708Z
Window: "工笔", App: 工笔.exe.
0 窗口 工笔 Secondary Actions: Raise
28 文本 工
30 按钮 拆书 Description: 拆书
31 按钮 灵感库 Description: 灵感库
32 按钮 构思 Description: 构思
33 按钮 书写 Description: 书写
34 按钮 当前项目 Description: 当前项目
35 切换按钮 AI 助手 Description: AI 助手
36 按钮 设置 Description: 设置
931 按钮 项目列表
932 标题 第2章（无标题）
978 文本 已保存
935 按钮 收起列表
936 按钮 收起侧栏
937 按钮 页面
938 按钮 排版 Description: 排版（字体/字号/行距/对齐/缩进，与设置同源）
939 按钮 沉浸
941 文本 章节
942 按钮 总览 Description: 只读章节卡，可按章跳转
943 按钮 新建 Description: 新建一章（Ctrl+Enter 直接开下一章）
944 按钮 刷新
945 按钮 第1章 啊实打实 27 字 Description: 0001 啊实打实.md
979 按钮 第2章（无标题） 0 字 Description: 0002.md
946 按钮 重命名
947 按钮 重编号
948 按钮 删除
951 编辑 (settable, string) Value:
980 文本
993 标题 本章关联便笺
994 详细信息
995 开合三角标记 原生83旧库第二章速记，重启后检查关联。 · 待打磨
996 文本 原生83旧库第二章速记，重启后检查关联。
997 文本 · 待打磨
998 文本 原生83旧库第二章速记，重启后检查关联。
959 标题 本章意图
960 按钮 AI 陪看本章 Description: 由你主动发起；AI 只对照正文与本章意图给建议，不评分、不改正文
961 文本 本章还没有设定写作意图，可以先自由写；形成明确剧情后，再整理为桥段草案。
962 章节页脚
963 文本 本章
964 文本 0
965 文本 字
966 文本 汉字
967 文本 0
968 文本 全书
969 文本 27
970 文本 字
971 按钮 今日 12/2,000 Description: 设置每日目标
973 复选框 (settable, string) 打字机
974 复选框 (settable, string) 行淡化
2 标题栏 (settable, string) Value: 工笔
3 菜单栏 系统 ID: MenuBar
4 菜单项 系统
5 按钮 最小化
6 按钮 最大化
7 按钮 关闭


2026-09-27T10:33:02.141Z
Window: "工笔", App: 工笔.exe.
0 窗口 工笔 Secondary Actions: Raise
28 文本 工
30 按钮 拆书 Description: 拆书
31 按钮 灵感库 Description: 灵感库
32 按钮 构思 Description: 构思
33 按钮 书写 Description: 书写
34 按钮 当前项目 Description: 当前项目
35 切换按钮 AI 助手 Description: AI 助手
36 按钮 设置 Description: 设置
931 按钮 项目列表
932 标题 第1章 啊实打实
978 文本 已保存
935 按钮 收起列表
936 按钮 收起侧栏
937 按钮 页面
938 按钮 排版 Description: 排版（字体/字号/行距/对齐/缩进，与设置同源）
939 按钮 沉浸
941 文本 章节
942 按钮 总览 Description: 只读章节卡，可按章跳转
943 按钮 新建 Description: 新建一章（Ctrl+Enter 直接开下一章）
944 按钮 刷新
945 按钮 第1章 啊实打实 27 字 Description: 0001 啊实打实.md
979 按钮 第2章（无标题） 0 字 Description: 0002.md
946 按钮 重命名
947 按钮 重编号
948 按钮 删除
951 编辑 (settable, string) Value: 萨德去 啊实打实大苏打 阿三大苏打 原生终验83书写保存标记
999 文本 萨德去
1000 文本 啊实打实大苏打
1001 文本
1002 文本
1003 文本 阿三大苏打
1004 文本 原生终验83书写保存标记
959 标题 本章意图
960 按钮 AI 陪看本章 Description: 由你主动发起；AI 只对照正文与本章意图给建议，不评分、不改正文
961 文本 本章还没有设定写作意图，可以先自由写；形成明确剧情后，再整理为桥段草案。
962 章节页脚
963 文本 本章
964 文本 27
965 文本 字
966 文本 汉字
967 文本 25
968 文本 全书
969 文本 27
970 文本 字
971 按钮 今日 12/2,000 Description: 设置每日目标
973 复选框 (settable, string) 打字机
974 复选框 (settable, string) 行淡化
2 标题栏 (settable, string) Value: 工笔
3 菜单栏 系统 ID: MenuBar
4 菜单项 系统
5 按钮 最小化
6 按钮 最大化
7 按钮 关闭


2026-09-27T10:33:09.809Z
Window: "工笔", App: 工笔.exe.
0 窗口 工笔 Secondary Actions: Raise
28 文本 工
30 按钮 拆书 Description: 拆书
31 按钮 灵感库 Description: 灵感库
32 按钮 构思 Description: 构思
33 按钮 书写 Description: 书写
34 按钮 当前项目 Description: 当前项目
35 切换按钮 AI 助手 Description: AI 助手
36 按钮 设置 Description: 设置
931 按钮 项目列表
932 标题 第1章 啊实打实
978 文本 已保存
935 按钮 收起列表
936 按钮 收起侧栏
937 按钮 页面
938 按钮 排版 Description: 排版（字体/字号/行距/对齐/缩进，与设置同源）
939 按钮 沉浸
941 文本 章节
942 按钮 总览 Description: 只读章节卡，可按章跳转
943 按钮 新建 Description: 新建一章（Ctrl+Enter 直接开下一章）
944 按钮 刷新
945 按钮 第1章 啊实打实 27 字 Description: 0001 啊实打实.md
979 按钮 第2章（无标题） 0 字 Description: 0002.md
946 按钮 重命名
947 按钮 重编号
948 按钮 删除
951 编辑 (settable, string) Value: 萨德去 啊实打实大苏打 阿三大苏打 原生终验83书写保存标记
999 文本 萨德去
1000 文本 啊实打实大苏打
1001 文本
1002 文本
1003 文本 阿三大苏打
1004 文本 原生终验83书写保存标记
959 标题 本章意图
960 按钮 AI 陪看本章 Description: 由你主动发起；AI 只对照正文与本章意图给建议，不评分、不改正文
961 文本 本章还没有设定写作意图，可以先自由写；形成明确剧情后，再整理为桥段草案。
962 章节页脚
963 文本 本章
964 文本 27
965 文本 字
966 文本 汉字
967 文本 25
968 文本 全书
969 文本 27
970 文本 字
971 按钮 今日 12/2,000 Description: 设置每日目标
973 复选框 (settable, string) 打字机
974 复选框 (settable, string) 行淡化
2 标题栏 (settable, string) Value: 工笔
3 菜单栏 系统 ID: MenuBar
4 菜单项 系统
5 按钮 最小化
6 按钮 最大化
7 按钮 关闭


2026-09-27T10:33:15.248Z
Window: "工笔", App: 工笔.exe.
0 窗口 工笔 Secondary Actions: Raise
28 文本 工
30 按钮 拆书 Description: 拆书
31 按钮 灵感库 Description: 灵感库
32 按钮 构思 Description: 构思
33 按钮 书写 Description: 书写
34 按钮 当前项目 Description: 当前项目
35 切换按钮 AI 助手 Description: AI 助手
36 按钮 设置 Description: 设置
931 按钮 项目列表
932 标题 第1章 啊实打实
1005 按钮 未保存 Description: 停笔自动保存；Ctrl+S 立即保存。冲突时用下方横幅裁决。
935 按钮 收起列表
936 按钮 收起侧栏
937 按钮 页面
938 按钮 排版 Description: 排版（字体/字号/行距/对齐/缩进，与设置同源）
939 按钮 沉浸
941 文本 章节
942 按钮 总览 Description: 只读章节卡，可按章跳转
943 按钮 新建 Description: 新建一章（Ctrl+Enter 直接开下一章）
944 按钮 刷新
945 按钮 第1章 啊实打实 27 字 Description: 0001 啊实打实.md
979 按钮 第2章（无标题） 0 字 Description: 0002.md
946 按钮 重命名
947 按钮 重编号
948 按钮 删除
951 编辑 (settable, string) Value: 萨德去 啊实打实大苏打 阿三大苏打 原生终验83书写保存标记原生83冲突缓冲保留
999 文本 萨德去
1000 文本 啊实打实大苏打
1001 文本
1002 文本
1003 文本 阿三大苏打
1004 文本 原生终验83书写保存标记原生83冲突缓冲保留
959 标题 本章意图
960 按钮 AI 陪看本章 Description: 由你主动发起；AI 只对照正文与本章意图给建议，不评分、不改正文
961 文本 本章还没有设定写作意图，可以先自由写；形成明确剧情后，再整理为桥段草案。
962 章节页脚
963 文本 本章
964 文本 37
965 文本 字
966 文本 汉字
967 文本 33
968 文本 全书
969 文本 37
970 文本 字
971 按钮 今日 12/2,000 Description: 设置每日目标
973 复选框 (settable, string) 打字机
974 复选框 (settable, string) 行淡化
2 标题栏 (settable, string) Value: 工笔
3 菜单栏 系统 ID: MenuBar
4 菜单项 系统
5 按钮 最小化
6 按钮 最大化
7 按钮 关闭


2026-09-27T10:33:22.702Z
Window: "工笔", App: 工笔.exe.
0 窗口 工笔 Secondary Actions: Raise
28 文本 工
30 按钮 拆书 Description: 拆书
31 按钮 灵感库 Description: 灵感库
32 按钮 构思 Description: 构思
33 按钮 书写 Description: 书写
34 按钮 当前项目 Description: 当前项目
35 切换按钮 AI 助手 Description: AI 助手
36 按钮 设置 Description: 设置
931 按钮 项目列表
932 标题 第1章 啊实打实
1007 文本 保存冲突
935 按钮 收起列表
936 按钮 收起侧栏
937 按钮 页面
938 按钮 排版 Description: 排版（字体/字号/行距/对齐/缩进，与设置同源）
939 按钮 沉浸
1008 文本 本章已被外部修改（可能是在 Obsidian 里编辑过），自动保存已暂停。
1009 按钮 重新加载
1010 按钮 确认覆盖
941 文本 章节
942 按钮 总览 Description: 只读章节卡，可按章跳转
943 按钮 新建 Description: 新建一章（Ctrl+Enter 直接开下一章）
944 按钮 刷新
945 按钮 第1章 啊实打实 27 字 Description: 0001 啊实打实.md
979 按钮 第2章（无标题） 0 字 Description: 0002.md
946 按钮 重命名
947 按钮 重编号
948 按钮 删除
951 编辑 (settable, string) Value: 萨德去 啊实打实大苏打 阿三大苏打 原生终验83书写保存标记原生83冲突缓冲保留
999 文本 萨德去
1000 文本 啊实打实大苏打
1001 文本
1002 文本
1003 文本 阿三大苏打
1004 文本 原生终验83书写保存标记原生83冲突缓冲保留
959 标题 本章意图
960 按钮 AI 陪看本章 Description: 由你主动发起；AI 只对照正文与本章意图给建议，不评分、不改正文
961 文本 本章还没有设定写作意图，可以先自由写；形成明确剧情后，再整理为桥段草案。
962 章节页脚
963 文本 本章
964 文本 37
965 文本 字
966 文本 汉字
967 文本 33
968 文本 全书
969 文本 37
970 文本 字
971 按钮 今日 12/2,000 Description: 设置每日目标
973 复选框 (settable, string) 打字机
974 复选框 (settable, string) 行淡化
2 标题栏 (settable, string) Value: 工笔
3 菜单栏 系统 ID: MenuBar
4 菜单项 系统
5 按钮 最小化
6 按钮 最大化
7 按钮 关闭


2026-09-27T10:33:32.769Z
Window: "工笔", App: 工笔.exe.
0 窗口 工笔 Secondary Actions: Raise
1014 工具提示 由你主动发起；AI 只对照正文与本章意图给建议，不评分、不改正文
28 文本 工
30 按钮 拆书 Description: 拆书
31 按钮 灵感库 Description: 灵感库
32 按钮 构思 Description: 构思
33 按钮 书写 Description: 书写
34 按钮 当前项目 Description: 当前项目
35 切换按钮 AI 助手 Description: AI 助手
36 按钮 设置 Description: 设置
931 按钮 项目列表
932 标题 第1章 啊实打实
1007 文本 已保存
935 按钮 收起列表
936 按钮 收起侧栏
937 按钮 页面
938 按钮 排版 Description: 排版（字体/字号/行距/对齐/缩进，与设置同源）
939 按钮 沉浸
941 文本 章节
942 按钮 总览 Description: 只读章节卡，可按章跳转
943 按钮 新建 Description: 新建一章（Ctrl+Enter 直接开下一章）
944 按钮 刷新
945 按钮 第1章 啊实打实 37 字 Description: 0001 啊实打实.md
979 按钮 第2章（无标题） 0 字 Description: 0002.md
946 按钮 重命名
947 按钮 重编号
948 按钮 删除
951 编辑 (settable, string) Value: 萨德去 啊实打实大苏打 阿三大苏打 原生终验83书写保存标记原生83冲突缓冲保留
999 文本 萨德去
1000 文本 啊实打实大苏打
1001 文本
1002 文本
1003 文本 阿三大苏打
1004 文本 原生终验83书写保存标记原生83冲突缓冲保留
959 标题 本章意图
960 按钮 AI 陪看本章 Description: 由你主动发起；AI 只对照正文与本章意图给建议，不评分、不改正文
961 文本 本章还没有设定写作意图，可以先自由写；形成明确剧情后，再整理为桥段草案。
962 章节页脚
963 文本 本章
964 文本 37
965 文本 字
966 文本 汉字
967 文本 33
968 文本 全书
969 文本 37
970 文本 字
971 按钮 今日 22/2,000 Description: 设置每日目标
973 复选框 (settable, string) 打字机
974 复选框 (settable, string) 行淡化
2 标题栏 (settable, string) Value: 工笔
3 菜单栏 系统 ID: MenuBar
4 菜单项 系统
5 按钮 最小化
6 按钮 最大化
7 按钮 关闭


2026-09-27T10:33:46.626Z
Window: "工笔", App: 工笔.exe.
0 窗口 工笔 Secondary Actions: Raise
28 文本 工
30 按钮 拆书 Description: 拆书
31 按钮 灵感库 Description: 灵感库
32 按钮 构思 Description: 构思
33 按钮 书写 Description: 书写
34 按钮 当前项目 Description: 当前项目
35 切换按钮 AI 助手 Description: AI 助手
36 按钮 设置 Description: 设置
931 按钮 项目列表
932 标题 第1章 啊实打实
1007 文本 已保存
935 按钮 收起列表
936 按钮 收起侧栏
937 按钮 页面
938 按钮 排版 Description: 排版（字体/字号/行距/对齐/缩进，与设置同源）
939 按钮 沉浸
941 文本 章节
942 按钮 总览 Description: 只读章节卡，可按章跳转
943 按钮 新建 Description: 新建一章（Ctrl+Enter 直接开下一章）
944 按钮 刷新
945 按钮 第1章 啊实打实 37 字 Description: 0001 啊实打实.md
979 按钮 第2章（无标题） 0 字 Description: 0002.md
946 按钮 重命名
947 按钮 重编号
948 按钮 删除
951 编辑 (settable, string) Value: 萨德去 啊实打实大苏打 阿三大苏打 原生终验83书写保存标记原生83冲突缓冲保留
999 文本 萨德去
1000 文本 啊实打实大苏打
1001 文本
1002 文本
1003 文本 阿三大苏打
1004 文本 原生终验83书写保存标记原生83冲突缓冲保留
959 标题 本章意图
960 按钮 AI 陪看本章 Description: 由你主动发起；AI 只对照正文与本章意图给建议，不评分、不改正文
961 文本 本章还没有设定写作意图，可以先自由写；形成明确剧情后，再整理为桥段草案。
962 章节页脚
963 文本 本章
964 文本 37
965 文本 字
966 文本 汉字
967 文本 33
968 文本 全书
969 文本 37
970 文本 字
971 按钮 今日 22/2,000 Description: 设置每日目标
973 复选框 (settable, string) 打字机
974 复选框 (settable, string) 行淡化
1016 对话框 章节总览 Secondary Actions: Raise
1017 标题 章节总览 ID: chapter-overview-title
1018 文本 浏览本章意图，点卡片回到正文。这里不编辑章节。
1019 按钮 关闭
1021 按钮 第1章 啊实打实 草稿 · 37 字 尚无摘要或本章意图
1022 按钮 第2章 未命名章节 草稿 · 0 字 尚无摘要或本章意图
2 标题栏 (settable, string) Value: 工笔
3 菜单栏 系统 ID: MenuBar
4 菜单项 系统
5 按钮 最小化
6 按钮 最大化
7 按钮 关闭


2026-09-27T10:33:52.121Z
Window: "工笔", App: 工笔.exe.
0 窗口 工笔 Secondary Actions: Raise
28 文本 工
30 按钮 拆书 Description: 拆书
31 按钮 灵感库 Description: 灵感库
32 按钮 构思 Description: 构思
33 按钮 书写 Description: 书写
34 按钮 当前项目 Description: 当前项目
35 切换按钮 AI 助手 Description: AI 助手
36 按钮 设置 Description: 设置
931 按钮 项目列表
932 标题 第2章（无标题）
1007 文本 已保存
935 按钮 收起列表
936 按钮 收起侧栏
937 按钮 页面
938 按钮 排版 Description: 排版（字体/字号/行距/对齐/缩进，与设置同源）
939 按钮 沉浸
941 文本 章节
942 按钮 总览 Description: 只读章节卡，可按章跳转
943 按钮 新建 Description: 新建一章（Ctrl+Enter 直接开下一章）
944 按钮 刷新
945 按钮 第1章 啊实打实 37 字 Description: 0001 啊实打实.md
979 按钮 第2章（无标题） 0 字 Description: 0002.md
946 按钮 重命名
947 按钮 重编号
948 按钮 删除
951 编辑 (settable, string) Value:
1023 文本
1025 标题 本章关联便笺
1026 详细信息
1027 开合三角标记 原生83旧库第二章速记，重启后检查关联。 · 待打磨
1028 文本 原生83旧库第二章速记，重启后检查关联。
1029 文本 · 待打磨
1030 文本 原生83旧库第二章速记，重启后检查关联。
959 标题 本章意图
960 按钮 AI 陪看本章 Description: 由你主动发起；AI 只对照正文与本章意图给建议，不评分、不改正文
961 文本 本章还没有设定写作意图，可以先自由写；形成明确剧情后，再整理为桥段草案。
962 章节页脚
963 文本 本章
964 文本 0
965 文本 字
966 文本 汉字
967 文本 0
968 文本 全书
969 文本 37
970 文本 字
971 按钮 今日 22/2,000 Description: 设置每日目标
973 复选框 (settable, string) 打字机
974 复选框 (settable, string) 行淡化
2 标题栏 (settable, string) Value: 工笔
3 菜单栏 系统 ID: MenuBar
4 菜单项 系统
5 按钮 最小化
6 按钮 最大化
7 按钮 关闭


2026-09-27T10:34:03.575Z
Window: "工笔", App: 工笔.exe.
0 窗口 工笔 Secondary Actions: Raise
28 文本 工
30 按钮 拆书 Description: 拆书
31 按钮 灵感库 Description: 灵感库
32 按钮 构思 Description: 构思
33 按钮 书写 Description: 书写
34 按钮 当前项目 Description: 当前项目
35 切换按钮 AI 助手 Description: AI 助手
36 按钮 设置 Description: 设置
931 按钮 项目列表
932 标题 第2章（无标题）
1007 文本 已保存
935 按钮 收起列表
936 按钮 收起侧栏
937 按钮 页面
938 按钮 排版 Description: 排版（字体/字号/行距/对齐/缩进，与设置同源）
939 按钮 沉浸
941 文本 章节
942 按钮 总览 Description: 只读章节卡，可按章跳转
943 按钮 新建 Description: 新建一章（Ctrl+Enter 直接开下一章）
944 按钮 刷新
945 按钮 第1章 啊实打实 37 字 Description: 0001 啊实打实.md
979 按钮 第2章（无标题） 0 字 Description: 0002.md
946 按钮 重命名
947 按钮 重编号
948 按钮 删除
951 编辑 (settable, string) Value:
1023 文本
1025 标题 本章关联便笺
1026 详细信息
1027 开合三角标记 原生83旧库第二章速记，重启后检查关联。 · 待打磨
1028 文本 原生83旧库第二章速记，重启后检查关联。
1029 文本 · 待打磨
1030 文本 原生83旧库第二章速记，重启后检查关联。
959 标题 本章意图
960 按钮 AI 陪看本章 Description: 由你主动发起；AI 只对照正文与本章意图给建议，不评分、不改正文
961 文本 本章还没有设定写作意图，可以先自由写；形成明确剧情后，再整理为桥段草案。
962 章节页脚
963 文本 本章
964 文本 0
965 文本 字
966 文本 汉字
967 文本 0
968 文本 全书
969 文本 37
970 文本 字
971 按钮 今日 22/2,000 Description: 设置每日目标
973 复选框 (settable, string) 打字机
974 复选框 (settable, string) 行淡化
2 标题栏 (settable, string) Value: 工笔
3 菜单栏 系统 ID: MenuBar
4 菜单项 系统
5 按钮 最小化
6 按钮 最大化
7 按钮 关闭


2026-09-27T10:34:10.307Z
Window: "工笔", App: 工笔.exe.
0 窗口 工笔 Secondary Actions: Raise
28 文本 工
30 按钮 拆书 Description: 拆书
31 按钮 灵感库 Description: 灵感库
32 按钮 构思 Description: 构思
33 按钮 书写 Description: 书写
34 按钮 当前项目 Description: 当前项目
35 切换按钮 AI 助手 Description: AI 助手
36 按钮 设置 Description: 设置
931 按钮 项目列表
932 标题 第2章（无标题）
1007 文本 已保存
935 按钮 收起列表
936 按钮 收起侧栏
937 按钮 页面
938 按钮 排版 Description: 排版（字体/字号/行距/对齐/缩进，与设置同源）
939 按钮 沉浸
941 文本 章节
942 按钮 总览 Description: 只读章节卡，可按章跳转
943 按钮 新建 Description: 新建一章（Ctrl+Enter 直接开下一章）
944 按钮 刷新
945 按钮 第1章 啊实打实 37 字 Description: 0001 啊实打实.md
979 按钮 第2章（无标题） 0 字 Description: 0002.md
946 按钮 重命名
947 按钮 重编号
948 按钮 删除
951 编辑 (settable, string) Value:
1023 文本
1025 标题 本章关联便笺
1026 详细信息
1027 开合三角标记 原生83旧库第二章速记，重启后检查关联。 · 待打磨
1028 文本 原生83旧库第二章速记，重启后检查关联。
1029 文本 · 待打磨
1030 文本 原生83旧库第二章速记，重启后检查关联。
959 标题 本章意图
960 按钮 AI 陪看本章 Description: 由你主动发起；AI 只对照正文与本章意图给建议，不评分、不改正文
961 文本 本章还没有设定写作意图，可以先自由写；形成明确剧情后，再整理为桥段草案。
962 章节页脚
963 文本 本章
964 文本 0
965 文本 字
966 文本 汉字
967 文本 0
968 文本 全书
969 文本 37
970 文本 字
971 按钮 今日 22/2,000 Description: 设置每日目标
973 复选框 (settable, string) 打字机
974 复选框 (settable, string) 行淡化
2 标题栏 (settable, string) Value: 工笔
3 菜单栏 系统 ID: MenuBar
4 菜单项 系统
5 按钮 最小化
6 按钮 最大化
7 按钮 关闭


2026-09-27T10:34:28.372Z
Window: "工笔", App: 工笔.exe.
0 窗口 工笔 Secondary Actions: Raise
28 文本 工
30 按钮 拆书 Description: 拆书
31 按钮 灵感库 Description: 灵感库
32 按钮 构思 Description: 构思
33 按钮 书写 Description: 书写
34 按钮 当前项目 Description: 当前项目
35 切换按钮 AI 助手 Description: AI 助手
36 按钮 设置 Description: 设置
1032 标题 书写
1033 文本 C:\Users\q9560\Documents\GitHub\MyAINovel\.scratch\native-83\旧库副本\项目
1034 按钮 刷新
1035 文本 共
1036 文本 1
1037 文本 个项目
1039 按钮 封面网格
1040 按钮 书名列表
1042 文本 冒
1043 按钮 设封面 Description: 选一张图设为封面（拷进附件/，替换旧封面）
1044 按钮 导出/发布 Description: 导出正文 / 发布前校对
1045 文本 冒险指南
1046 文本 单元
1047 文本 0
1048 文本 · 矛盾
1049 文本 0
1050 文本 ·
1051 文本
1052 文本 37
1053 文本 字
2 标题栏 (settable, string) Value: 工笔
3 菜单栏 系统 ID: MenuBar
4 菜单项 系统
5 按钮 最小化
6 按钮 最大化
7 按钮 关闭


2026-09-27T10:34:34.746Z
Window: "工笔", App: 工笔.exe.
0 窗口 工笔 Secondary Actions: Raise
28 文本 工
30 按钮 拆书 Description: 拆书
31 按钮 灵感库 Description: 灵感库
32 按钮 构思 Description: 构思
33 按钮 书写 Description: 书写
34 按钮 当前项目 Description: 当前项目
35 切换按钮 AI 助手 Description: AI 助手
36 按钮 设置 Description: 设置
1056 按钮 返回
1057 标题 设置
1058 文本 应用偏好只保存在本机，不会写进创作库。
1060 按钮 外观
1061 按钮 编辑器
1062 按钮 AI
1063 按钮 库与数据
1064 标题 当前库
1065 文本 C:\Users\q9560\Documents\GitHub\MyAINovel\.scratch\native-83\旧库副本\项目
1066 按钮 更改库位置
1067 按钮 新建空库
1068 标题 数据边界
1069 文本 创作内容仍以 Markdown、YAML 与附件为唯一来源；界面配色、编辑器背景和页签位置只保存在本机应用状态。
2 标题栏 (settable, string) Value: 工笔
3 菜单栏 系统 ID: MenuBar
4 菜单项 系统
5 按钮 最小化
6 按钮 最大化
7 按钮 关闭


2026-09-27T10:34:41.979Z
Window: "工笔", App: 工笔.exe.
0 窗口 工笔 Secondary Actions: Raise
28 文本 工
30 按钮 拆书 Description: 拆书
31 按钮 灵感库 Description: 灵感库
32 按钮 构思 Description: 构思
33 按钮 书写 Description: 书写
34 按钮 当前项目 Description: 当前项目
35 切换按钮 AI 助手 Description: AI 助手
36 按钮 设置 Description: 设置
1056 按钮 返回
1057 标题 设置
1058 文本 应用偏好只保存在本机，不会写进创作库。
1060 按钮 外观
1061 按钮 编辑器
1062 按钮 AI
1063 按钮 库与数据
1070 标题 界面配色
1071 文本 配色与明暗模式相互独立；切换配色不会改变编辑器背景。
1072 单选按钮组 (settable, string) 界面配色
1073 单选按钮 (selectable, settable, string) 朱砂纸墨 温暖沉静，重点动作带手稿批注般的朱砂感。
1074 单选按钮 (selectable, settable, string) 竹青松烟 灰青纸面与低饱和竹青，适合梳理复杂构思。
1075 单选按钮 (selectable, settable, string) 靛青月白 冷月白与克制靛蓝，更安静、更偏阅读。
1076 标题 明暗模式
1077 单选按钮组 (settable, string) 明暗模式
1078 按钮 浅色
1079 按钮 深色
1080 按钮 跟随系统
1081 文本 只有选择「跟随系统」时，系统深浅变化才会同步到工笔。
1082 标题 编辑器背景
1083 文本 只铺拆书与书写编辑器；自定义图片只记路径，不复制进库。
1084 按钮 素纸（默认）
1085 按钮 宣纸
1086 按钮 羊皮
1087 按钮 豆沙绿
1088 按钮 竹青
1089 按钮 暮山
1090 按钮 自定义图片…
2 标题栏 (settable, string) Value: 工笔
3 菜单栏 系统 ID: MenuBar
4 菜单项 系统
5 按钮 最小化
6 按钮 最大化
7 按钮 关闭


2026-09-27T10:34:54.337Z
Window: "工笔", App: 工笔.exe.
0 窗口 工笔 Secondary Actions: Raise
28 文本 工
30 按钮 拆书 Description: 拆书
31 按钮 灵感库 Description: 灵感库
32 按钮 构思 Description: 构思
33 按钮 书写 Description: 书写
34 按钮 当前项目 Description: 当前项目
35 切换按钮 AI 助手 Description: AI 助手
36 按钮 设置 Description: 设置
1056 按钮 返回
1057 标题 设置
1058 文本 应用偏好只保存在本机，不会写进创作库。
1060 按钮 外观
1061 按钮 编辑器
1062 按钮 AI
1063 按钮 库与数据
1070 标题 界面配色
1071 文本 配色与明暗模式相互独立；切换配色不会改变编辑器背景。
1072 单选按钮组 (settable, string) 界面配色
1073 单选按钮 (selectable, settable, string) 朱砂纸墨 温暖沉静，重点动作带手稿批注般的朱砂感。
1074 单选按钮 (selectable, settable, string) 竹青松烟 灰青纸面与低饱和竹青，适合梳理复杂构思。
1075 单选按钮 (selectable, settable, string) 靛青月白 冷月白与克制靛蓝，更安静、更偏阅读。
1076 标题 明暗模式
1077 单选按钮组 (settable, string) 明暗模式
1078 按钮 浅色
1079 按钮 深色
1080 按钮 跟随系统
1081 文本 只有选择「跟随系统」时，系统深浅变化才会同步到工笔。
1082 标题 编辑器背景
1083 文本 只铺拆书与书写编辑器；自定义图片只记路径，不复制进库。
1084 按钮 素纸（默认）
1085 按钮 宣纸
1086 按钮 羊皮
1087 按钮 豆沙绿
1088 按钮 竹青
1089 按钮 暮山
1090 按钮 自定义图片…
2 标题栏 (settable, string) Value: 工笔
3 菜单栏 系统 ID: MenuBar
4 菜单项 系统
5 按钮 最小化
6 按钮 最大化
7 按钮 关闭


2026-09-27T10:35:00.560Z
Window: "工笔", App: 工笔.exe.
0 窗口 工笔 Secondary Actions: Raise
28 文本 工
30 按钮 拆书 Description: 拆书
31 按钮 灵感库 Description: 灵感库
32 按钮 构思 Description: 构思
33 按钮 书写 Description: 书写
34 按钮 当前项目 Description: 当前项目
35 切换按钮 AI 助手 Description: AI 助手
36 按钮 设置 Description: 设置
1056 按钮 返回
1057 标题 设置
1058 文本 应用偏好只保存在本机，不会写进创作库。
1060 按钮 外观
1061 按钮 编辑器
1062 按钮 AI
1063 按钮 库与数据
1070 标题 界面配色
1071 文本 配色与明暗模式相互独立；切换配色不会改变编辑器背景。
1072 单选按钮组 (settable, string) 界面配色
1073 单选按钮 (selectable, settable, string) 朱砂纸墨 温暖沉静，重点动作带手稿批注般的朱砂感。
1074 单选按钮 (selectable, settable, string) 竹青松烟 灰青纸面与低饱和竹青，适合梳理复杂构思。
1075 单选按钮 (selectable, settable, string) 靛青月白 冷月白与克制靛蓝，更安静、更偏阅读。
1076 标题 明暗模式
1077 单选按钮组 (settable, string) 明暗模式
1078 按钮 浅色
1079 按钮 深色
1080 按钮 跟随系统
1081 文本 只有选择「跟随系统」时，系统深浅变化才会同步到工笔。
1082 标题 编辑器背景
1083 文本 只铺拆书与书写编辑器；自定义图片只记路径，不复制进库。
1084 按钮 素纸（默认）
1085 按钮 宣纸
1086 按钮 羊皮
1087 按钮 豆沙绿
1088 按钮 竹青
1089 按钮 暮山
1090 按钮 自定义图片…
2 标题栏 (settable, string) Value: 工笔
3 菜单栏 系统 ID: MenuBar
4 菜单项 系统
5 按钮 最小化
6 按钮 最大化
7 按钮 关闭


2026-09-27T10:35:06.794Z
Window: "工笔", App: 工笔.exe.
0 窗口 工笔 Secondary Actions: Raise
28 文本 工
30 按钮 拆书 Description: 拆书
31 按钮 灵感库 Description: 灵感库
32 按钮 构思 Description: 构思
33 按钮 书写 Description: 书写
34 按钮 当前项目 Description: 当前项目
35 切换按钮 AI 助手 Description: AI 助手
36 按钮 设置 Description: 设置
1056 按钮 返回
1057 标题 设置
1058 文本 应用偏好只保存在本机，不会写进创作库。
1060 按钮 外观
1061 按钮 编辑器
1062 按钮 AI
1063 按钮 库与数据
1070 标题 界面配色
1071 文本 配色与明暗模式相互独立；切换配色不会改变编辑器背景。
1072 单选按钮组 (settable, string) 界面配色
1073 单选按钮 (selectable, settable, string) 朱砂纸墨 温暖沉静，重点动作带手稿批注般的朱砂感。
1074 单选按钮 (selectable, settable, string) 竹青松烟 灰青纸面与低饱和竹青，适合梳理复杂构思。
1075 单选按钮 (selectable, settable, string) 靛青月白 冷月白与克制靛蓝，更安静、更偏阅读。
1076 标题 明暗模式
1077 单选按钮组 (settable, string) 明暗模式
1078 按钮 浅色
1079 按钮 深色
1080 按钮 跟随系统
1081 文本 只有选择「跟随系统」时，系统深浅变化才会同步到工笔。
1082 标题 编辑器背景
1083 文本 只铺拆书与书写编辑器；自定义图片只记路径，不复制进库。
1084 按钮 素纸（默认）
1085 按钮 宣纸
1086 按钮 羊皮
1087 按钮 豆沙绿
1088 按钮 竹青
1089 按钮 暮山
1090 按钮 自定义图片…
2 标题栏 (settable, string) Value: 工笔
3 菜单栏 系统 ID: MenuBar
4 菜单项 系统
5 按钮 最小化
6 按钮 最大化
7 按钮 关闭


2026-09-27T10:35:15.242Z
Window: "工笔", App: 工笔.exe.
0 窗口 工笔 Secondary Actions: Raise
28 文本 工
30 按钮 拆书 Description: 拆书
31 按钮 灵感库 Description: 灵感库
32 按钮 构思 Description: 构思
33 按钮 书写 Description: 书写
34 按钮 当前项目 Description: 当前项目
35 切换按钮 AI 助手 Description: AI 助手
36 按钮 设置 Description: 设置
1056 按钮 返回
1057 标题 设置
1058 文本 应用偏好只保存在本机，不会写进创作库。
1060 按钮 外观
1061 按钮 编辑器
1062 按钮 AI
1063 按钮 库与数据
1070 标题 界面配色
1071 文本 配色与明暗模式相互独立；切换配色不会改变编辑器背景。
1072 单选按钮组 (settable, string) 界面配色
1073 单选按钮 (selectable, settable, string) 朱砂纸墨 温暖沉静，重点动作带手稿批注般的朱砂感。
1074 单选按钮 (selectable, settable, string) 竹青松烟 灰青纸面与低饱和竹青，适合梳理复杂构思。
1075 单选按钮 (selectable, settable, string) 靛青月白 冷月白与克制靛蓝，更安静、更偏阅读。
1076 标题 明暗模式
1077 单选按钮组 (settable, string) 明暗模式
1078 按钮 浅色
1079 按钮 深色
1080 按钮 跟随系统
1081 文本 只有选择「跟随系统」时，系统深浅变化才会同步到工笔。
1082 标题 编辑器背景
1083 文本 只铺拆书与书写编辑器；自定义图片只记路径，不复制进库。
1084 按钮 素纸（默认）
1085 按钮 宣纸
1086 按钮 羊皮
1087 按钮 豆沙绿
1088 按钮 竹青
1089 按钮 暮山
1090 按钮 自定义图片…
2 标题栏 (settable, string) Value: 工笔
3 菜单栏 系统 ID: MenuBar
4 菜单项 系统
5 按钮 最小化
6 按钮 最大化
7 按钮 关闭


2026-09-27T10:35:21.161Z
Window: "工笔", App: 工笔.exe.
0 窗口 工笔 Secondary Actions: Raise
28 文本 工
30 按钮 拆书 Description: 拆书
31 按钮 灵感库 Description: 灵感库
32 按钮 构思 Description: 构思
33 按钮 书写 Description: 书写
34 按钮 当前项目 Description: 当前项目
35 切换按钮 AI 助手 Description: AI 助手
36 按钮 设置 Description: 设置
1056 按钮 返回
1057 标题 设置
1058 文本 应用偏好只保存在本机，不会写进创作库。
1060 按钮 外观
1061 按钮 编辑器
1062 按钮 AI
1063 按钮 库与数据
1070 标题 界面配色
1071 文本 配色与明暗模式相互独立；切换配色不会改变编辑器背景。
1072 单选按钮组 (settable, string) 界面配色
1073 单选按钮 (selectable, settable, string) 朱砂纸墨 温暖沉静，重点动作带手稿批注般的朱砂感。
1074 单选按钮 (selectable, settable, string) 竹青松烟 灰青纸面与低饱和竹青，适合梳理复杂构思。
1075 单选按钮 (selectable, settable, string) 靛青月白 冷月白与克制靛蓝，更安静、更偏阅读。
1076 标题 明暗模式
1077 单选按钮组 (settable, string) 明暗模式
1078 按钮 浅色
1079 按钮 深色
1080 按钮 跟随系统
1081 文本 只有选择「跟随系统」时，系统深浅变化才会同步到工笔。
1082 标题 编辑器背景
1083 文本 只铺拆书与书写编辑器；自定义图片只记路径，不复制进库。
1084 按钮 素纸（默认）
1085 按钮 宣纸
1086 按钮 羊皮
1087 按钮 豆沙绿
1088 按钮 竹青
1089 按钮 暮山
1090 按钮 自定义图片…
2 标题栏 (settable, string) Value: 工笔
3 菜单栏 系统 ID: MenuBar
4 菜单项 系统
5 按钮 最小化
6 按钮 最大化
7 按钮 关闭


2026-09-27T10:35:27.133Z
Window: "工笔", App: 工笔.exe.
0 窗口 工笔 Secondary Actions: Raise
28 文本 工
30 按钮 拆书 Description: 拆书
31 按钮 灵感库 Description: 灵感库
32 按钮 构思 Description: 构思
33 按钮 书写 Description: 书写
34 按钮 当前项目 Description: 当前项目
35 切换按钮 AI 助手 Description: AI 助手
36 按钮 设置 Description: 设置
1056 按钮 返回
1057 标题 设置
1058 文本 应用偏好只保存在本机，不会写进创作库。
1060 按钮 外观
1061 按钮 编辑器
1062 按钮 AI
1063 按钮 库与数据
1070 标题 界面配色
1071 文本 配色与明暗模式相互独立；切换配色不会改变编辑器背景。
1072 单选按钮组 (settable, string) 界面配色
1073 单选按钮 (selectable, settable, string) 朱砂纸墨 温暖沉静，重点动作带手稿批注般的朱砂感。
1074 单选按钮 (selectable, settable, string) 竹青松烟 灰青纸面与低饱和竹青，适合梳理复杂构思。
1075 单选按钮 (selectable, settable, string) 靛青月白 冷月白与克制靛蓝，更安静、更偏阅读。
1076 标题 明暗模式
1077 单选按钮组 (settable, string) 明暗模式
1078 按钮 浅色
1079 按钮 深色
1080 按钮 跟随系统
1081 文本 只有选择「跟随系统」时，系统深浅变化才会同步到工笔。
1082 标题 编辑器背景
1083 文本 只铺拆书与书写编辑器；自定义图片只记路径，不复制进库。
1084 按钮 素纸（默认）
1085 按钮 宣纸
1086 按钮 羊皮
1087 按钮 豆沙绿
1088 按钮 竹青
1089 按钮 暮山
1090 按钮 自定义图片…
2 标题栏 (settable, string) Value: 工笔
3 菜单栏 系统 ID: MenuBar
4 菜单项 系统
5 按钮 最小化
6 按钮 最大化
7 按钮 关闭


